; section dli
dli
    PHA
;    a!!
;  
;    CHBASE=a=&>charset_1
    LDA     #>(charset_1)
    STA     CHBASE
;    wsync COLBK=a=0xE
	; inlined wsync
__I2wsync
    STA     WSYNC
	; end of inlined wsync
    LDA     #$0E
    STA     COLBK
;  
;    dliJMP+1=a=&<dli_1 dliJMP+2=a=&>dli_1
    LDA     #<(dli_1)
    STA     dliJMP+1
    LDA     #>(dli_1)
    STA     dliJMP+2
;    a?? return_i
    PLA
    RTI
;  }
; section dli_1
dli_1
    PHA
;    a!!
;  
;    CHBASE=a=&>charset_2
    LDA     #>(charset_2)
    STA     CHBASE
;    wsync COLBK=a=0xC4
	; inlined wsync
__I3wsync
    STA     WSYNC
	; end of inlined wsync
    LDA     #$C4
    STA     COLBK
;  
;    dliJMP+1=a=&<dli_2 dliJMP+2=a=&>dli_2
    LDA     #<(dli_2)
    STA     dliJMP+1
    LDA     #>(dli_2)
    STA     dliJMP+2
;    a?? return_i
    PLA
    RTI
;  }
; section dli_2
dli_2
    PHA
;    a!!
;  
;    CHBASE=a=&>charset_3
    LDA     #>(charset_3)
    STA     CHBASE
;    wsync COLBK=a=0
	; inlined wsync
__I4wsync
    STA     WSYNC
	; end of inlined wsync
    LDA     #$00
    STA     COLBK
;  
;    dliJMP+1=a=&<dli dliJMP+2=a=&>dli
    LDA     #<(dli)
    STA     dliJMP+1
    LDA     #>(dli)
    STA     dliJMP+2
;    a?? return_i
    PLA
    RTI
;  }
; section nmi
nmi
    BIT     NMIST
;    a&?NMIST n+?{ dliJMP: goto dli }
    BPL     __label_3
dliJMP
    JMP     dli
__label_3
;  
;    RTCLOK++
    INC     RTCLOK
;  
;    phr vbi plr return_i
	; inlined phr
__I5phr
    PHA
    TXA
    PHA
    TYA
    PHA
	; end of inlined phr
	; inlined vbi
__I6vbi
    LDA     RANDOM
    STA     screen+959
	; end of inlined vbi
	; inlined plr
__I7plr
    PLA
    TAY
    PLA
    TAX
    PLA
	; end of inlined plr
    RTI
;  }
; section main
main
	; inlined init
__I8init
__I8__I1pause
    LDA     RTCLOK
__I8__I1__label_1
    CMP     RTCLOK
	BEQ	__I8__I1__label_1
    SEi
    CLd
    LDA     #$00
    STA     SKCTL
    STA     AUDCTL
    STA     GRACTL
    STA     PRIOR
    STA     PORTA
    STA     DMACTL
    STA     NMIEN
    LDA     #$02
    STA     CHACTL
    LDA     #$03
    STA     SKCTL
    LDA     PACTL
    ORA     #$04
    STA     PACTL
    LDA     #$FE
    STA     PORTB
    LDX     #$FF
    TXS
    LDA     #<(dl)
    STA     DLISTL
    LDA     #>(dl)
    STA     DLISTH
    LDA     #<(nmi)
    STA     NMIADL
    LDA     #>(nmi)
    STA     NMIADH
    LDA     #$22
    STA     DMACTL
    LDA     #$C0
    STA     NMIEN
	; end of inlined init
;    init
;  
;    x=0 { a=x screen,x=a screen+0x140,x=a screen+0x280,x=a x++ } !=
    LDX     #$00
__label_4
    TXA
    STA     screen,X
    STA     screen+320,X
    STA     screen+640,X
    INX
    BNE     __label_4
;  
;    {} always
__label_5
    JMP     __label_5
;  }
; section dl
dl
    .byte     #$70
;    nocross
;    0x70 0x70 0xF0
    .byte     #$70
    .byte     #$F0
;    0x42 &<screen &>screen for x=1..6 eval [ 2 ]
    .byte     #$42
    .byte     #<(screen)
    .byte     #>(screen)
    .byte   #$02
    .byte   #$02
    .byte   #$02
    .byte   #$02
    .byte   #$02
    .byte   #$02
;    0x82 for x=1..7 eval [ 2 ]
    .byte     #$82
    .byte   #$02
    .byte   #$02
    .byte   #$02
    .byte   #$02
    .byte   #$02
    .byte   #$02
    .byte   #$02
;    0x82 for x=1..8 eval [ 2 ]
    .byte     #$82
    .byte   #$02
    .byte   #$02
    .byte   #$02
    .byte   #$02
    .byte   #$02
    .byte   #$02
    .byte   #$02
    .byte   #$02
;    0x41 &<dl &>dl
    .byte     #$41
    .byte     #<(dl)
    .byte     #>(dl)
;  }
; section charset_1
charset_1
;    address 0x4400
;    binary "fonts/ACTFONT.FNT"
    .byte   #$00
    .byte   #$00
    .byte   #$00
    .byte   #$00
    .byte   #$00
    .byte   #$00
    .byte   #$00
    .byte   #$00
    .byte   #$7C
    .byte   #$7C
    .byte   #$7C
    .byte   #$38
    .byte   #$00
    .byte   #$38
    .byte   #$38
    .byte   #$00
    .byte   #$6C
    .byte   #$6C
    .byte   #$6C
    .byte   #$00
    .byte   #$00
    .byte   #$00
    .byte   #$00
    .byte   #$00
    .byte   #$6C
    .byte   #$FE
    .byte   #$6C
    .byte   #$6C
    .byte   #$FE
    .byte   #$FE
    .byte   #$6C
    .byte   #$00
    .byte   #$38
    .byte   #$7E
    .byte   #$C0
    .byte   #$7C
    .byte   #$06
    .byte   #$FC
    .byte   #$FC
    .byte   #$38
    .byte   #$00
    .byte   #$E6
    .byte   #$EC
    .byte   #$18
    .byte   #$30
    .byte   #$6E
    .byte   #$CE
    .byte   #$00
    .byte   #$38
    .byte   #$6C
    .byte   #$38
    .byte   #$70
    .byte   #$DE
    .byte   #$FC
    .byte   #$76
    .byte   #$00
    .byte   #$30
    .byte   #$30
    .byte   #$30
    .byte   #$00
    .byte   #$00
    .byte   #$00
    .byte   #$00
    .byte   #$00
    .byte   #$1C
    .byte   #$38
    .byte   #$70
    .byte   #$70
    .byte   #$78
    .byte   #$7C
    .byte   #$3C
    .byte   #$00
    .byte   #$38
    .byte   #$1C
    .byte   #$0E
    .byte   #$0E
    .byte   #$1E
    .byte   #$3E
    .byte   #$3C
    .byte   #$00
    .byte   #$00
    .byte   #$66
    .byte   #$3C
    .byte   #$FF
    .byte   #$3C
    .byte   #$66
    .byte   #$00
    .byte   #$00
    .byte   #$00
    .byte   #$38
    .byte   #$38
    .byte   #$FE
    .byte   #$38
    .byte   #$38
    .byte   #$38
    .byte   #$00
    .byte   #$00
    .byte   #$00
    .byte   #$00
    .byte   #$00
    .byte   #$00
    .byte   #$38
    .byte   #$38
    .byte   #$70
    .byte   #$00
    .byte   #$00
    .byte   #$00
    .byte   #$7E
    .byte   #$00
    .byte   #$00
    .byte   #$00
    .byte   #$00
    .byte   #$00
    .byte   #$00
    .byte   #$00
    .byte   #$00
    .byte   #$38
    .byte   #$38
    .byte   #$38
    .byte   #$00
    .byte   #$00
    .byte   #$06
    .byte   #$0C
    .byte   #$18
    .byte   #$30
    .byte   #$60
    .byte   #$40
    .byte   #$00
    .byte   #$7C
    .byte   #$EE
    .byte   #$EE
    .byte   #$FE
    .byte   #$FE
    .byte   #$FE
    .byte   #$7C
    .byte   #$00
    .byte   #$38
    .byte   #$F8
    .byte   #$38
    .byte   #$38
    .byte   #$FE
    .byte   #$FE
    .byte   #$FE
    .byte   #$00
    .byte   #$7C
    .byte   #$C6
    .byte   #$1C
    .byte   #$70
    .byte   #$FE
    .byte   #$FE
    .byte   #$FE
    .byte   #$00
    .byte   #$FE
    .byte   #$1C
    .byte   #$78
    .byte   #$1C
    .byte   #$DE
    .byte   #$FE
    .byte   #$7C
    .byte   #$00
    .byte   #$1C
    .byte   #$DC
    .byte   #$DC
    .byte   #$DC
    .byte   #$FE
    .byte   #$1C
    .byte   #$1C
    .byte   #$00
    .byte   #$FE
    .byte   #$E0
    .byte   #$FC
    .byte   #$0E
    .byte   #$EE
    .byte   #$FE
    .byte   #$7C
    .byte   #$00
    .byte   #$7E
    .byte   #$E0
    .byte   #$FC
    .byte   #$EE
    .byte   #$FE
    .byte   #$FE
    .byte   #$7C
    .byte   #$00
    .byte   #$FE
    .byte   #$0E
    .byte   #$0E
    .byte   #$1C
    .byte   #$3C
    .byte   #$78
    .byte   #$78
    .byte   #$00
    .byte   #$7C
    .byte   #$EE
    .byte   #$7C
    .byte   #$EE
    .byte   #$FE
    .byte   #$FE
    .byte   #$7C
    .byte   #$00
    .byte   #$7C
    .byte   #$EE
    .byte   #$7E
    .byte   #$0E
    .byte   #$EE
    .byte   #$FE
    .byte   #$7C
    .byte   #$00
    .byte   #$00
    .byte   #$38
    .byte   #$38
    .byte   #$00
    .byte   #$38
    .byte   #$38
    .byte   #$38
    .byte   #$00
    .byte   #$00
    .byte   #$38
    .byte   #$38
    .byte   #$00
    .byte   #$38
    .byte   #$38
    .byte   #$38
    .byte   #$70
    .byte   #$06
    .byte   #$0C
    .byte   #$18
    .byte   #$30
    .byte   #$18
    .byte   #$0C
    .byte   #$06
    .byte   #$00
    .byte   #$00
    .byte   #$00
    .byte   #$7E
    .byte   #$00
    .byte   #$00
    .byte   #$7E
    .byte   #$7E
    .byte   #$00
    .byte   #$60
    .byte   #$30
    .byte   #$18
    .byte   #$0C
    .byte   #$18
    .byte   #$30
    .byte   #$60
    .byte   #$00
    .byte   #$00
    .byte   #$3C
    .byte   #$66
    .byte   #$0C
    .byte   #$18
    .byte   #$00
    .byte   #$18
    .byte   #$00
    .byte   #$00
    .byte   #$3C
    .byte   #$66
    .byte   #$6E
    .byte   #$6E
    .byte   #$60
    .byte   #$3E
    .byte   #$00
    .byte   #$38
    .byte   #$7C
    .byte   #$F6
    .byte   #$FE
    .byte   #$F6
    .byte   #$F6
    .byte   #$F6
    .byte   #$00
    .byte   #$FC
    .byte   #$E6
    .byte   #$FC
    .byte   #$E6
    .byte   #$FE
    .byte   #$FE
    .byte   #$FC
    .byte   #$00
    .byte   #$7E
    .byte   #$E0
    .byte   #$E0
    .byte   #$E0
    .byte   #$FE
    .byte   #$FE
    .byte   #$7E
    .byte   #$00
    .byte   #$F8
    .byte   #$EC
    .byte   #$EE
    .byte   #$FE
    .byte   #$FE
    .byte   #$FC
    .byte   #$F8
    .byte   #$00
    .byte   #$FE
    .byte   #$E0
    .byte   #$F8
    .byte   #$E0
    .byte   #$FE
    .byte   #$FE
    .byte   #$FE
    .byte   #$00
    .byte   #$FE
    .byte   #$E0
    .byte   #$FC
    .byte   #$F0
    .byte   #$F0
    .byte   #$F0
    .byte   #$F0
    .byte   #$00
    .byte   #$7E
    .byte   #$E0
    .byte   #$EE
    .byte   #$E6
    .byte   #$FE
    .byte   #$FE
    .byte   #$7E
    .byte   #$00
    .byte   #$F6
    .byte   #$F6
    .byte   #$FE
    .byte   #$F6
    .byte   #$F6
    .byte   #$F6
    .byte   #$F6
    .byte   #$00
    .byte   #$7C
    .byte   #$7C
    .byte   #$00
    .byte   #$7C
    .byte   #$7C
    .byte   #$7C
    .byte   #$7C
    .byte   #$00
    .byte   #$3E
    .byte   #$0C
    .byte   #$0C
    .byte   #$CC
    .byte   #$FC
    .byte   #$FC
    .byte   #$78
    .byte   #$00
    .byte   #$CE
    .byte   #$DC
    .byte   #$F8
    .byte   #$FC
    .byte   #$DE
    .byte   #$DE
    .byte   #$DE
    .byte   #$00
    .byte   #$E0
    .byte   #$E0
    .byte   #$E0
    .byte   #$E0
    .byte   #$FE
    .byte   #$FE
    .byte   #$FE
    .byte   #$00
    .byte   #$C6
    .byte   #$EE
    .byte   #$FE
    .byte   #$FE
    .byte   #$EE
    .byte   #$EE
    .byte   #$EE
    .byte   #$00
    .byte   #$E6
    .byte   #$F6
    .byte   #$FE
    .byte   #$FE
    .byte   #$FE
    .byte   #$EE
    .byte   #$EE
    .byte   #$00
    .byte   #$7C
    .byte   #$EE
    .byte   #$EE
    .byte   #$EE
    .byte   #$FE
    .byte   #$FE
    .byte   #$7C
    .byte   #$00
    .byte   #$FC
    .byte   #$EE
    .byte   #$EE
    .byte   #$FC
    .byte   #$F0
    .byte   #$F0
    .byte   #$F0
    .byte   #$00
    .byte   #$7C
    .byte   #$EE
    .byte   #$EE
    .byte   #$EE
    .byte   #$FE
    .byte   #$FC
    .byte   #$76
    .byte   #$00
    .byte   #$FC
    .byte   #$CE
    .byte   #$FE
    .byte   #$FC
    .byte   #$DE
    .byte   #$DE
    .byte   #$DE
    .byte   #$00
    .byte   #$7E
    .byte   #$E0
    .byte   #$78
    .byte   #$0C
    .byte   #$FE
    .byte   #$FE
    .byte   #$FC
    .byte   #$00
    .byte   #$FE
    .byte   #$7C
    .byte   #$7C
    .byte   #$7C
    .byte   #$7C
    .byte   #$7C
    .byte   #$7C
    .byte   #$00
    .byte   #$F6
    .byte   #$F6
    .byte   #$F6
    .byte   #$FE
    .byte   #$FE
    .byte   #$FE
    .byte   #$7C
    .byte   #$00
    .byte   #$F6
    .byte   #$F6
    .byte   #$F6
    .byte   #$F6
    .byte   #$FC
    .byte   #$78
    .byte   #$30
    .byte   #$00
    .byte   #$EE
    .byte   #$EE
    .byte   #$EE
    .byte   #$FE
    .byte   #$FE
    .byte   #$EE
    .byte   #$C6
    .byte   #$00
    .byte   #$F6
    .byte   #$F6
    .byte   #$7C
    .byte   #$FE
    .byte   #$DE
    .byte   #$DE
    .byte   #$DE
    .byte   #$00
    .byte   #$EE
    .byte   #$EE
    .byte   #$7C
    .byte   #$38
    .byte   #$7C
    .byte   #$7C
    .byte   #$7C
    .byte   #$00
    .byte   #$FE
    .byte   #$1C
    .byte   #$38
    .byte   #$70
    .byte   #$FE
    .byte   #$FE
    .byte   #$FE
    .byte   #$00
    .byte   #$F8
    .byte   #$E0
    .byte   #$E0
    .byte   #$E0
    .byte   #$F8
    .byte   #$F8
    .byte   #$F8
    .byte   #$00
    .byte   #$00
    .byte   #$40
    .byte   #$60
    .byte   #$30
    .byte   #$18
    .byte   #$0C
    .byte   #$06
    .byte   #$00
    .byte   #$1F
    .byte   #$07
    .byte   #$07
    .byte   #$07
    .byte   #$1F
    .byte   #$1F
    .byte   #$1F
    .byte   #$00
    .byte   #$00
    .byte   #$08
    .byte   #$1C
    .byte   #$36
    .byte   #$63
    .byte   #$00
    .byte   #$00
    .byte   #$00
    .byte   #$00
    .byte   #$00
    .byte   #$00
    .byte   #$00
    .byte   #$00
    .byte   #$00
    .byte   #$FF
    .byte   #$00
    .byte   #$00
    .byte   #$36
    .byte   #$7F
    .byte   #$7F
    .byte   #$3E
    .byte   #$1C
    .byte   #$08
    .byte   #$00
    .byte   #$3C
    .byte   #$42
    .byte   #$9D
    .byte   #$A1
    .byte   #$A1
    .byte   #$9D
    .byte   #$42
    .byte   #$3C
    .byte   #$03
    .byte   #$03
    .byte   #$03
    .byte   #$03
    .byte   #$03
    .byte   #$03
    .byte   #$03
    .byte   #$03
    .byte   #$18
    .byte   #$18
    .byte   #$18
    .byte   #$F8
    .byte   #$F8
    .byte   #$00
    .byte   #$00
    .byte   #$00
    .byte   #$18
    .byte   #$18
    .byte   #$18
    .byte   #$F8
    .byte   #$F8
    .byte   #$18
    .byte   #$18
    .byte   #$18
    .byte   #$00
    .byte   #$00
    .byte   #$00
    .byte   #$F8
    .byte   #$F8
    .byte   #$18
    .byte   #$18
    .byte   #$18
    .byte   #$03
    .byte   #$07
    .byte   #$0E
    .byte   #$1C
    .byte   #$38
    .byte   #$70
    .byte   #$E0
    .byte   #$C0
    .byte   #$C0
    .byte   #$E0
    .byte   #$70
    .byte   #$38
    .byte   #$1C
    .byte   #$0E
    .byte   #$07
    .byte   #$03
    .byte   #$01
    .byte   #$03
    .byte   #$07
    .byte   #$0F
    .byte   #$1F
    .byte   #$3F
    .byte   #$7F
    .byte   #$FF
    .byte   #$00
    .byte   #$00
    .byte   #$00
    .byte   #$00
    .byte   #$0F
    .byte   #$0F
    .byte   #$0F
    .byte   #$0F
    .byte   #$80
    .byte   #$C0
    .byte   #$E0
    .byte   #$F0
    .byte   #$F8
    .byte   #$FC
    .byte   #$FE
    .byte   #$FF
    .byte   #$0F
    .byte   #$0F
    .byte   #$0F
    .byte   #$0F
    .byte   #$00
    .byte   #$00
    .byte   #$00
    .byte   #$00
    .byte   #$F0
    .byte   #$F0
    .byte   #$F0
    .byte   #$F0
    .byte   #$00
    .byte   #$00
    .byte   #$00
    .byte   #$00
    .byte   #$FF
    .byte   #$FF
    .byte   #$00
    .byte   #$00
    .byte   #$00
    .byte   #$00
    .byte   #$00
    .byte   #$00
    .byte   #$00
    .byte   #$00
    .byte   #$00
    .byte   #$00
    .byte   #$00
    .byte   #$00
    .byte   #$FF
    .byte   #$FF
    .byte   #$00
    .byte   #$00
    .byte   #$00
    .byte   #$00
    .byte   #$F0
    .byte   #$F0
    .byte   #$F0
    .byte   #$F0
    .byte   #$00
    .byte   #$1C
    .byte   #$1C
    .byte   #$77
    .byte   #$77
    .byte   #$08
    .byte   #$1C
    .byte   #$00
    .byte   #$00
    .byte   #$00
    .byte   #$00
    .byte   #$1F
    .byte   #$1F
    .byte   #$18
    .byte   #$18
    .byte   #$18
    .byte   #$00
    .byte   #$00
    .byte   #$00
    .byte   #$FF
    .byte   #$FF
    .byte   #$00
    .byte   #$00
    .byte   #$00
    .byte   #$18
    .byte   #$18
    .byte   #$18
    .byte   #$FF
    .byte   #$FF
    .byte   #$18
    .byte   #$18
    .byte   #$18
    .byte   #$00
    .byte   #$00
    .byte   #$3C
    .byte   #$7E
    .byte   #$7E
    .byte   #$7E
    .byte   #$3C
    .byte   #$00
    .byte   #$00
    .byte   #$00
    .byte   #$00
    .byte   #$00
    .byte   #$FF
    .byte   #$FF
    .byte   #$FF
    .byte   #$FF
    .byte   #$C0
    .byte   #$C0
    .byte   #$C0
    .byte   #$C0
    .byte   #$C0
    .byte   #$C0
    .byte   #$C0
    .byte   #$C0
    .byte   #$00
    .byte   #$00
    .byte   #$00
    .byte   #$FF
    .byte   #$FF
    .byte   #$18
    .byte   #$18
    .byte   #$18
    .byte   #$18
    .byte   #$18
    .byte   #$18
    .byte   #$FF
    .byte   #$FF
    .byte   #$00
    .byte   #$00
    .byte   #$00
    .byte   #$F0
    .byte   #$F0
    .byte   #$F0
    .byte   #$F0
    .byte   #$F0
    .byte   #$F0
    .byte   #$F0
    .byte   #$F0
    .byte   #$18
    .byte   #$18
    .byte   #$18
    .byte   #$1F
    .byte   #$1F
    .byte   #$00
    .byte   #$00
    .byte   #$00
    .byte   #$78
    .byte   #$60
    .byte   #$78
    .byte   #$60
    .byte   #$7E
    .byte   #$18
    .byte   #$1E
    .byte   #$00
    .byte   #$00
    .byte   #$18
    .byte   #$3C
    .byte   #$7E
    .byte   #$18
    .byte   #$18
    .byte   #$18
    .byte   #$00
    .byte   #$00
    .byte   #$18
    .byte   #$18
    .byte   #$18
    .byte   #$7E
    .byte   #$3C
    .byte   #$18
    .byte   #$00
    .byte   #$00
    .byte   #$18
    .byte   #$30
    .byte   #$7E
    .byte   #$30
    .byte   #$18
    .byte   #$00
    .byte   #$00
    .byte   #$00
    .byte   #$18
    .byte   #$0C
    .byte   #$7E
    .byte   #$0C
    .byte   #$18
    .byte   #$00
    .byte   #$00
    .byte   #$00
    .byte   #$18
    .byte   #$3C
    .byte   #$7E
    .byte   #$7E
    .byte   #$3C
    .byte   #$18
    .byte   #$00
    .byte   #$00
    .byte   #$7C
    .byte   #$06
    .byte   #$7E
    .byte   #$C6
    .byte   #$7E
    .byte   #$7E
    .byte   #$00
    .byte   #$E0
    .byte   #$FC
    .byte   #$EE
    .byte   #$EE
    .byte   #$FE
    .byte   #$FE
    .byte   #$FC
    .byte   #$00
    .byte   #$00
    .byte   #$7C
    .byte   #$E6
    .byte   #$E0
    .byte   #$FE
    .byte   #$FE
    .byte   #$7E
    .byte   #$00
    .byte   #$06
    .byte   #$7E
    .byte   #$F6
    .byte   #$F6
    .byte   #$FE
    .byte   #$FE
    .byte   #$7E
    .byte   #$00
    .byte   #$00
    .byte   #$7C
    .byte   #$EE
    .byte   #$FC
    .byte   #$E0
    .byte   #$FE
    .byte   #$7E
    .byte   #$00
    .byte   #$1C
    .byte   #$30
    .byte   #$7C
    .byte   #$38
    .byte   #$38
    .byte   #$38
    .byte   #$38
    .byte   #$00
    .byte   #$00
    .byte   #$7E
    .byte   #$F6
    .byte   #$F6
    .byte   #$FE
    .byte   #$7E
    .byte   #$06
    .byte   #$7C
    .byte   #$C0
    .byte   #$DC
    .byte   #$FE
    .byte   #$DE
    .byte   #$DE
    .byte   #$DE
    .byte   #$DE
    .byte   #$00
    .byte   #$3C
    .byte   #$00
    .byte   #$7C
    .byte   #$3C
    .byte   #$3C
    .byte   #$7E
    .byte   #$7E
    .byte   #$00
    .byte   #$3C
    .byte   #$00
    .byte   #$3C
    .byte   #$3C
    .byte   #$3C
    .byte   #$3C
    .byte   #$3C
    .byte   #$78
    .byte   #$C0
    .byte   #$CE
    .byte   #$DC
    .byte   #$F8
    .byte   #$FC
    .byte   #$DE
    .byte   #$DE
    .byte   #$00
    .byte   #$7C
    .byte   #$3C
    .byte   #$3C
    .byte   #$3C
    .byte   #$3C
    .byte   #$3C
    .byte   #$7E
    .byte   #$00
    .byte   #$00
    .byte   #$6C
    .byte   #$FE
    .byte   #$FE
    .byte   #$FE
    .byte   #$EE
    .byte   #$EE
    .byte   #$00
    .byte   #$00
    .byte   #$FC
    .byte   #$DE
    .byte   #$DE
    .byte   #$DE
    .byte   #$DE
    .byte   #$DE
    .byte   #$00
    .byte   #$00
    .byte   #$7C
    .byte   #$EE
    .byte   #$EE
    .byte   #$FE
    .byte   #$FE
    .byte   #$7C
    .byte   #$00
    .byte   #$00
    .byte   #$FC
    .byte   #$EE
    .byte   #$EE
    .byte   #$FE
    .byte   #$FE
    .byte   #$FC
    .byte   #$E0
    .byte   #$00
    .byte   #$7E
    .byte   #$EE
    .byte   #$EE
    .byte   #$FE
    .byte   #$FE
    .byte   #$7E
    .byte   #$0E
    .byte   #$00
    .byte   #$DC
    .byte   #$F6
    .byte   #$F0
    .byte   #$F0
    .byte   #$F0
    .byte   #$F0
    .byte   #$00
    .byte   #$00
    .byte   #$7C
    .byte   #$E0
    .byte   #$7C
    .byte   #$0E
    .byte   #$7E
    .byte   #$7C
    .byte   #$00
    .byte   #$38
    .byte   #$7C
    .byte   #$38
    .byte   #$38
    .byte   #$38
    .byte   #$3E
    .byte   #$1E
    .byte   #$00
    .byte   #$00
    .byte   #$DE
    .byte   #$DE
    .byte   #$DE
    .byte   #$DE
    .byte   #$FE
    .byte   #$7E
    .byte   #$00
    .byte   #$00
    .byte   #$EE
    .byte   #$EE
    .byte   #$EE
    .byte   #$EE
    .byte   #$7C
    .byte   #$38
    .byte   #$00
    .byte   #$00
    .byte   #$EE
    .byte   #$EE
    .byte   #$EE
    .byte   #$FE
    .byte   #$FE
    .byte   #$6C
    .byte   #$00
    .byte   #$00
    .byte   #$EE
    .byte   #$FE
    .byte   #$38
    .byte   #$FE
    .byte   #$FE
    .byte   #$EE
    .byte   #$00
    .byte   #$00
    .byte   #$F6
    .byte   #$F6
    .byte   #$F6
    .byte   #$FE
    .byte   #$7E
    .byte   #$06
    .byte   #$7C
    .byte   #$00
    .byte   #$FE
    .byte   #$1C
    .byte   #$38
    .byte   #$70
    .byte   #$FE
    .byte   #$FE
    .byte   #$00
    .byte   #$00
    .byte   #$18
    .byte   #$3C
    .byte   #$7E
    .byte   #$7E
    .byte   #$18
    .byte   #$3C
    .byte   #$00
    .byte   #$18
    .byte   #$18
    .byte   #$18
    .byte   #$18
    .byte   #$18
    .byte   #$18
    .byte   #$18
    .byte   #$18
    .byte   #$00
    .byte   #$00
    .byte   #$00
    .byte   #$18
    .byte   #$18
    .byte   #$00
    .byte   #$00
    .byte   #$00
    .byte   #$08
    .byte   #$18
    .byte   #$38
    .byte   #$78
    .byte   #$38
    .byte   #$18
    .byte   #$08
    .byte   #$00
    .byte   #$10
    .byte   #$18
    .byte   #$1C
    .byte   #$1E
    .byte   #$1C
    .byte   #$18
    .byte   #$10
    .byte   #$00
;  }
; section charset_2
charset_2
;    address 0x4800
;    binary "fonts/AMSTRAD.FNT"
    .byte   #$00
    .byte   #$00
    .byte   #$00
    .byte   #$00
    .byte   #$00
    .byte   #$00
    .byte   #$00
    .byte   #$00
    .byte   #$18
    .byte   #$18
    .byte   #$18
    .byte   #$18
    .byte   #$18
    .byte   #$00
    .byte   #$18
    .byte   #$00
    .byte   #$6C
    .byte   #$6C
    .byte   #$6C
    .byte   #$00
    .byte   #$00
    .byte   #$00
    .byte   #$00
    .byte   #$00
    .byte   #$6C
    .byte   #$6C
    .byte   #$FE
    .byte   #$6C
    .byte   #$FE
    .byte   #$6C
    .byte   #$6C
    .byte   #$00
    .byte   #$18
    .byte   #$3E
    .byte   #$58
    .byte   #$3C
    .byte   #$1A
    .byte   #$7C
    .byte   #$18
    .byte   #$00
    .byte   #$00
    .byte   #$C6
    .byte   #$CC
    .byte   #$18
    .byte   #$30
    .byte   #$66
    .byte   #$C6
    .byte   #$00
    .byte   #$38
    .byte   #$6C
    .byte   #$38
    .byte   #$76
    .byte   #$DC
    .byte   #$CC
    .byte   #$76
    .byte   #$00
    .byte   #$18
    .byte   #$18
    .byte   #$30
    .byte   #$00
    .byte   #$00
    .byte   #$00
    .byte   #$00
    .byte   #$00
    .byte   #$0C
    .byte   #$18
    .byte   #$30
    .byte   #$30
    .byte   #$30
    .byte   #$18
    .byte   #$0C
    .byte   #$00
    .byte   #$30
    .byte   #$18
    .byte   #$0C
    .byte   #$0C
    .byte   #$0C
    .byte   #$18
    .byte   #$30
    .byte   #$00
    .byte   #$00
    .byte   #$66
    .byte   #$3C
    .byte   #$FF
    .byte   #$3C
    .byte   #$66
    .byte   #$00
    .byte   #$00
    .byte   #$00
    .byte   #$18
    .byte   #$18
    .byte   #$7E
    .byte   #$18
    .byte   #$18
    .byte   #$00
    .byte   #$00
    .byte   #$00
    .byte   #$00
    .byte   #$00
    .byte   #$00
    .byte   #$00
    .byte   #$18
    .byte   #$18
    .byte   #$30
    .byte   #$00
    .byte   #$00
    .byte   #$00
    .byte   #$7E
    .byte   #$00
    .byte   #$00
    .byte   #$00
    .byte   #$00
    .byte   #$00
    .byte   #$00
    .byte   #$00
    .byte   #$00
    .byte   #$00
    .byte   #$18
    .byte   #$18
    .byte   #$00
    .byte   #$06
    .byte   #$0C
    .byte   #$18
    .byte   #$30
    .byte   #$60
    .byte   #$C0
    .byte   #$80
    .byte   #$00
    .byte   #$7C
    .byte   #$C6
    .byte   #$CE
    .byte   #$D6
    .byte   #$E6
    .byte   #$C6
    .byte   #$7C
    .byte   #$00
    .byte   #$18
    .byte   #$38
    .byte   #$18
    .byte   #$18
    .byte   #$18
    .byte   #$18
    .byte   #$7E
    .byte   #$00
    .byte   #$3C
    .byte   #$66
    .byte   #$06
    .byte   #$3C
    .byte   #$60
    .byte   #$66
    .byte   #$7E
    .byte   #$00
    .byte   #$3C
    .byte   #$46
    .byte   #$06
    .byte   #$1C
    .byte   #$06
    .byte   #$46
    .byte   #$3C
    .byte   #$00
    .byte   #$18
    .byte   #$38
    .byte   #$58
    .byte   #$98
    .byte   #$FE
    .byte   #$18
    .byte   #$3C
    .byte   #$00
    .byte   #$7E
    .byte   #$62
    .byte   #$60
    .byte   #$3C
    .byte   #$06
    .byte   #$66
    .byte   #$3C
    .byte   #$00
    .byte   #$3C
    .byte   #$66
    .byte   #$60
    .byte   #$7C
    .byte   #$66
    .byte   #$66
    .byte   #$3C
    .byte   #$00
    .byte   #$7E
    .byte   #$46
    .byte   #$06
    .byte   #$0C
    .byte   #$18
    .byte   #$18
    .byte   #$18
    .byte   #$00
    .byte   #$3C
    .byte   #$66
    .byte   #$66
    .byte   #$3C
    .byte   #$66
    .byte   #$66
    .byte   #$3C
    .byte   #$00
    .byte   #$3C
    .byte   #$66
    .byte   #$66
    .byte   #$3E
    .byte   #$06
    .byte   #$66
    .byte   #$3C
    .byte   #$00
    .byte   #$00
    .byte   #$00
    .byte   #$18
    .byte   #$18
    .byte   #$00
    .byte   #$18
    .byte   #$18
    .byte   #$00
    .byte   #$00
    .byte   #$00
    .byte   #$18
    .byte   #$18
    .byte   #$00
    .byte   #$18
    .byte   #$18
    .byte   #$30
    .byte   #$0C
    .byte   #$18
    .byte   #$30
    .byte   #$60
    .byte   #$30
    .byte   #$18
    .byte   #$0C
    .byte   #$00
    .byte   #$00
    .byte   #$00
    .byte   #$7E
    .byte   #$00
    .byte   #$00
    .byte   #$7E
    .byte   #$00
    .byte   #$00
    .byte   #$30
    .byte   #$18
    .byte   #$0C
    .byte   #$06
    .byte   #$0C
    .byte   #$18
    .byte   #$30
    .byte   #$00
    .byte   #$3C
    .byte   #$66
    .byte   #$06
    .byte   #$0C
    .byte   #$18
    .byte   #$00
    .byte   #$18
    .byte   #$00
    .byte   #$7C
    .byte   #$C6
    .byte   #$DE
    .byte   #$DE
    .byte   #$DE
    .byte   #$C0
    .byte   #$7E
    .byte   #$00
    .byte   #$18
    .byte   #$3C
    .byte   #$66
    .byte   #$66
    .byte   #$7E
    .byte   #$66
    .byte   #$66
    .byte   #$00
    .byte   #$FC
    .byte   #$66
    .byte   #$66
    .byte   #$7C
    .byte   #$66
    .byte   #$66
    .byte   #$FC
    .byte   #$00
    .byte   #$3C
    .byte   #$66
    .byte   #$C0
    .byte   #$C0
    .byte   #$C0
    .byte   #$66
    .byte   #$3C
    .byte   #$00
    .byte   #$F8
    .byte   #$6C
    .byte   #$66
    .byte   #$66
    .byte   #$66
    .byte   #$6C
    .byte   #$F8
    .byte   #$00
    .byte   #$FE
    .byte   #$62
    .byte   #$68
    .byte   #$78
    .byte   #$68
    .byte   #$62
    .byte   #$FE
    .byte   #$00
    .byte   #$FE
    .byte   #$62
    .byte   #$68
    .byte   #$78
    .byte   #$68
    .byte   #$60
    .byte   #$F0
    .byte   #$00
    .byte   #$3C
    .byte   #$66
    .byte   #$C0
    .byte   #$C0
    .byte   #$CE
    .byte   #$C6
    .byte   #$7E
    .byte   #$00
    .byte   #$66
    .byte   #$66
    .byte   #$66
    .byte   #$7E
    .byte   #$66
    .byte   #$66
    .byte   #$66
    .byte   #$00
    .byte   #$7E
    .byte   #$18
    .byte   #$18
    .byte   #$18
    .byte   #$18
    .byte   #$18
    .byte   #$7E
    .byte   #$00
    .byte   #$1E
    .byte   #$0C
    .byte   #$0C
    .byte   #$0C
    .byte   #$CC
    .byte   #$CC
    .byte   #$78
    .byte   #$00
    .byte   #$E6
    .byte   #$66
    .byte   #$6C
    .byte   #$78
    .byte   #$6C
    .byte   #$66
    .byte   #$E6
    .byte   #$00
    .byte   #$F0
    .byte   #$60
    .byte   #$60
    .byte   #$60
    .byte   #$62
    .byte   #$66
    .byte   #$FE
    .byte   #$00
    .byte   #$C6
    .byte   #$EE
    .byte   #$FE
    .byte   #$FE
    .byte   #$D6
    .byte   #$C6
    .byte   #$C6
    .byte   #$00
    .byte   #$C6
    .byte   #$E6
    .byte   #$F6
    .byte   #$DE
    .byte   #$CE
    .byte   #$C6
    .byte   #$C6
    .byte   #$00
    .byte   #$38
    .byte   #$6C
    .byte   #$C6
    .byte   #$C6
    .byte   #$C6
    .byte   #$6C
    .byte   #$38
    .byte   #$00
    .byte   #$FC
    .byte   #$66
    .byte   #$66
    .byte   #$7C
    .byte   #$60
    .byte   #$60
    .byte   #$F0
    .byte   #$00
    .byte   #$38
    .byte   #$6C
    .byte   #$C6
    .byte   #$C6
    .byte   #$DA
    .byte   #$CC
    .byte   #$76
    .byte   #$00
    .byte   #$FC
    .byte   #$66
    .byte   #$66
    .byte   #$7C
    .byte   #$6C
    .byte   #$66
    .byte   #$E3
    .byte   #$00
    .byte   #$3C
    .byte   #$66
    .byte   #$60
    .byte   #$3C
    .byte   #$06
    .byte   #$66
    .byte   #$3C
    .byte   #$00
    .byte   #$7E
    .byte   #$5A
    .byte   #$18
    .byte   #$18
    .byte   #$18
    .byte   #$18
    .byte   #$3C
    .byte   #$00
    .byte   #$66
    .byte   #$66
    .byte   #$66
    .byte   #$66
    .byte   #$66
    .byte   #$66
    .byte   #$3C
    .byte   #$00
    .byte   #$66
    .byte   #$66
    .byte   #$66
    .byte   #$66
    .byte   #$66
    .byte   #$3C
    .byte   #$18
    .byte   #$00
    .byte   #$C6
    .byte   #$C6
    .byte   #$C6
    .byte   #$D6
    .byte   #$FE
    .byte   #$EE
    .byte   #$C6
    .byte   #$00
    .byte   #$C6
    .byte   #$6C
    .byte   #$38
    .byte   #$38
    .byte   #$6C
    .byte   #$C6
    .byte   #$C6
    .byte   #$00
    .byte   #$66
    .byte   #$66
    .byte   #$66
    .byte   #$3C
    .byte   #$18
    .byte   #$18
    .byte   #$3C
    .byte   #$00
    .byte   #$FE
    .byte   #$C6
    .byte   #$8C
    .byte   #$18
    .byte   #$32
    .byte   #$66
    .byte   #$FE
    .byte   #$00
    .byte   #$3C
    .byte   #$30
    .byte   #$30
    .byte   #$30
    .byte   #$30
    .byte   #$30
    .byte   #$3C
    .byte   #$00
    .byte   #$C0
    .byte   #$60
    .byte   #$30
    .byte   #$18
    .byte   #$0C
    .byte   #$06
    .byte   #$02
    .byte   #$00
    .byte   #$3C
    .byte   #$0C
    .byte   #$0C
    .byte   #$0C
    .byte   #$0C
    .byte   #$0C
    .byte   #$3C
    .byte   #$00
    .byte   #$18
    .byte   #$3C
    .byte   #$7E
    .byte   #$18
    .byte   #$18
    .byte   #$18
    .byte   #$18
    .byte   #$00
    .byte   #$00
    .byte   #$00
    .byte   #$00
    .byte   #$00
    .byte   #$00
    .byte   #$00
    .byte   #$00
    .byte   #$FF
    .byte   #$00
    .byte   #$36
    .byte   #$7F
    .byte   #$7F
    .byte   #$3E
    .byte   #$1C
    .byte   #$08
    .byte   #$00
    .byte   #$18
    .byte   #$18
    .byte   #$18
    .byte   #$1F
    .byte   #$1F
    .byte   #$18
    .byte   #$18
    .byte   #$18
    .byte   #$03
    .byte   #$03
    .byte   #$03
    .byte   #$03
    .byte   #$03
    .byte   #$03
    .byte   #$03
    .byte   #$03
    .byte   #$18
    .byte   #$18
    .byte   #$18
    .byte   #$F8
    .byte   #$F8
    .byte   #$00
    .byte   #$00
    .byte   #$00
    .byte   #$18
    .byte   #$18
    .byte   #$18
    .byte   #$F8
    .byte   #$F8
    .byte   #$18
    .byte   #$18
    .byte   #$18
    .byte   #$00
    .byte   #$00
    .byte   #$00
    .byte   #$F8
    .byte   #$F8
    .byte   #$18
    .byte   #$18
    .byte   #$18
    .byte   #$03
    .byte   #$07
    .byte   #$0E
    .byte   #$1C
    .byte   #$38
    .byte   #$70
    .byte   #$E0
    .byte   #$C0
    .byte   #$C0
    .byte   #$E0
    .byte   #$70
    .byte   #$38
    .byte   #$1C
    .byte   #$0E
    .byte   #$07
    .byte   #$03
    .byte   #$01
    .byte   #$03
    .byte   #$07
    .byte   #$0F
    .byte   #$1F
    .byte   #$3F
    .byte   #$7F
    .byte   #$FF
    .byte   #$00
    .byte   #$00
    .byte   #$00
    .byte   #$00
    .byte   #$0F
    .byte   #$0F
    .byte   #$0F
    .byte   #$0F
    .byte   #$80
    .byte   #$C0
    .byte   #$E0
    .byte   #$F0
    .byte   #$F8
    .byte   #$FC
    .byte   #$FE
    .byte   #$FF
    .byte   #$0F
    .byte   #$0F
    .byte   #$0F
    .byte   #$0F
    .byte   #$00
    .byte   #$00
    .byte   #$00
    .byte   #$00
    .byte   #$F0
    .byte   #$F0
    .byte   #$F0
    .byte   #$F0
    .byte   #$00
    .byte   #$00
    .byte   #$00
    .byte   #$00
    .byte   #$FF
    .byte   #$FF
    .byte   #$00
    .byte   #$00
    .byte   #$00
    .byte   #$00
    .byte   #$00
    .byte   #$00
    .byte   #$00
    .byte   #$00
    .byte   #$00
    .byte   #$00
    .byte   #$00
    .byte   #$00
    .byte   #$FF
    .byte   #$FF
    .byte   #$00
    .byte   #$00
    .byte   #$00
    .byte   #$00
    .byte   #$F0
    .byte   #$F0
    .byte   #$F0
    .byte   #$F0
    .byte   #$00
    .byte   #$1C
    .byte   #$1C
    .byte   #$77
    .byte   #$77
    .byte   #$08
    .byte   #$1C
    .byte   #$00
    .byte   #$00
    .byte   #$00
    .byte   #$00
    .byte   #$1F
    .byte   #$1F
    .byte   #$18
    .byte   #$18
    .byte   #$18
    .byte   #$00
    .byte   #$38
    .byte   #$24
    .byte   #$38
    .byte   #$24
    .byte   #$00
    .byte   #$00
    .byte   #$00
    .byte   #$18
    .byte   #$18
    .byte   #$18
    .byte   #$FF
    .byte   #$FF
    .byte   #$18
    .byte   #$18
    .byte   #$18
    .byte   #$00
    .byte   #$00
    .byte   #$3C
    .byte   #$7E
    .byte   #$7E
    .byte   #$7E
    .byte   #$3C
    .byte   #$00
    .byte   #$3C
    .byte   #$42
    .byte   #$9D
    .byte   #$A1
    .byte   #$A1
    .byte   #$9D
    .byte   #$42
    .byte   #$3C
    .byte   #$C0
    .byte   #$C0
    .byte   #$C0
    .byte   #$C0
    .byte   #$C0
    .byte   #$C0
    .byte   #$C0
    .byte   #$C0
    .byte   #$00
    .byte   #$00
    .byte   #$00
    .byte   #$FF
    .byte   #$FF
    .byte   #$18
    .byte   #$18
    .byte   #$18
    .byte   #$18
    .byte   #$18
    .byte   #$18
    .byte   #$FF
    .byte   #$FF
    .byte   #$00
    .byte   #$00
    .byte   #$00
    .byte   #$F1
    .byte   #$5B
    .byte   #$55
    .byte   #$51
    .byte   #$00
    .byte   #$00
    .byte   #$00
    .byte   #$00
    .byte   #$18
    .byte   #$18
    .byte   #$18
    .byte   #$1F
    .byte   #$1F
    .byte   #$00
    .byte   #$00
    .byte   #$00
    .byte   #$E7
    .byte   #$84
    .byte   #$E7
    .byte   #$81
    .byte   #$FB
    .byte   #$20
    .byte   #$20
    .byte   #$38
    .byte   #$08
    .byte   #$1C
    .byte   #$2A
    .byte   #$49
    .byte   #$08
    .byte   #$08
    .byte   #$08
    .byte   #$00
    .byte   #$08
    .byte   #$08
    .byte   #$08
    .byte   #$49
    .byte   #$2A
    .byte   #$1C
    .byte   #$08
    .byte   #$00
    .byte   #$10
    .byte   #$20
    .byte   #$40
    .byte   #$FE
    .byte   #$40
    .byte   #$20
    .byte   #$10
    .byte   #$00
    .byte   #$08
    .byte   #$04
    .byte   #$02
    .byte   #$7F
    .byte   #$02
    .byte   #$04
    .byte   #$08
    .byte   #$00
    .byte   #$00
    .byte   #$18
    .byte   #$3C
    .byte   #$7E
    .byte   #$7E
    .byte   #$3C
    .byte   #$18
    .byte   #$00
    .byte   #$00
    .byte   #$00
    .byte   #$78
    .byte   #$0C
    .byte   #$7C
    .byte   #$CC
    .byte   #$76
    .byte   #$00
    .byte   #$E0
    .byte   #$E0
    .byte   #$7C
    .byte   #$66
    .byte   #$66
    .byte   #$66
    .byte   #$DC
    .byte   #$00
    .byte   #$00
    .byte   #$00
    .byte   #$3C
    .byte   #$66
    .byte   #$60
    .byte   #$66
    .byte   #$3C
    .byte   #$00
    .byte   #$1C
    .byte   #$0C
    .byte   #$7C
    .byte   #$CC
    .byte   #$CC
    .byte   #$CC
    .byte   #$7A
    .byte   #$00
    .byte   #$00
    .byte   #$00
    .byte   #$3C
    .byte   #$66
    .byte   #$7E
    .byte   #$60
    .byte   #$3C
    .byte   #$00
    .byte   #$1C
    .byte   #$36
    .byte   #$30
    .byte   #$78
    .byte   #$30
    .byte   #$30
    .byte   #$78
    .byte   #$00
    .byte   #$00
    .byte   #$00
    .byte   #$3E
    .byte   #$66
    .byte   #$66
    .byte   #$3E
    .byte   #$06
    .byte   #$7C
    .byte   #$E0
    .byte   #$60
    .byte   #$6C
    .byte   #$76
    .byte   #$66
    .byte   #$66
    .byte   #$E6
    .byte   #$00
    .byte   #$18
    .byte   #$00
    .byte   #$38
    .byte   #$18
    .byte   #$18
    .byte   #$18
    .byte   #$3C
    .byte   #$00
    .byte   #$06
    .byte   #$00
    .byte   #$0E
    .byte   #$06
    .byte   #$06
    .byte   #$66
    .byte   #$66
    .byte   #$3C
    .byte   #$E0
    .byte   #$60
    .byte   #$66
    .byte   #$6C
    .byte   #$78
    .byte   #$6C
    .byte   #$E6
    .byte   #$00
    .byte   #$38
    .byte   #$18
    .byte   #$18
    .byte   #$18
    .byte   #$18
    .byte   #$18
    .byte   #$3C
    .byte   #$00
    .byte   #$00
    .byte   #$00
    .byte   #$6C
    .byte   #$FE
    .byte   #$D6
    .byte   #$D6
    .byte   #$C6
    .byte   #$00
    .byte   #$00
    .byte   #$00
    .byte   #$D8
    .byte   #$66
    .byte   #$66
    .byte   #$66
    .byte   #$66
    .byte   #$00
    .byte   #$00
    .byte   #$00
    .byte   #$3C
    .byte   #$66
    .byte   #$66
    .byte   #$66
    .byte   #$3C
    .byte   #$00
    .byte   #$00
    .byte   #$00
    .byte   #$DC
    .byte   #$66
    .byte   #$66
    .byte   #$7C
    .byte   #$60
    .byte   #$F0
    .byte   #$00
    .byte   #$00
    .byte   #$7A
    .byte   #$CC
    .byte   #$CC
    .byte   #$7C
    .byte   #$0C
    .byte   #$1E
    .byte   #$00
    .byte   #$00
    .byte   #$D8
    .byte   #$6C
    .byte   #$60
    .byte   #$60
    .byte   #$F0
    .byte   #$00
    .byte   #$00
    .byte   #$00
    .byte   #$3E
    .byte   #$60
    .byte   #$3C
    .byte   #$06
    .byte   #$7C
    .byte   #$00
    .byte   #$30
    .byte   #$30
    .byte   #$7C
    .byte   #$30
    .byte   #$36
    .byte   #$36
    .byte   #$1C
    .byte   #$00
    .byte   #$00
    .byte   #$00
    .byte   #$66
    .byte   #$66
    .byte   #$66
    .byte   #$66
    .byte   #$3E
    .byte   #$00
    .byte   #$00
    .byte   #$00
    .byte   #$66
    .byte   #$66
    .byte   #$66
    .byte   #$3C
    .byte   #$18
    .byte   #$00
    .byte   #$00
    .byte   #$00
    .byte   #$C6
    .byte   #$D6
    .byte   #$D6
    .byte   #$FE
    .byte   #$6C
    .byte   #$00
    .byte   #$00
    .byte   #$00
    .byte   #$C6
    .byte   #$6C
    .byte   #$38
    .byte   #$6C
    .byte   #$C6
    .byte   #$00
    .byte   #$00
    .byte   #$00
    .byte   #$66
    .byte   #$66
    .byte   #$66
    .byte   #$3E
    .byte   #$06
    .byte   #$7C
    .byte   #$00
    .byte   #$00
    .byte   #$7E
    .byte   #$0C
    .byte   #$18
    .byte   #$32
    .byte   #$7E
    .byte   #$00
    .byte   #$00
    .byte   #$18
    .byte   #$3C
    .byte   #$7E
    .byte   #$7E
    .byte   #$18
    .byte   #$3C
    .byte   #$00
    .byte   #$18
    .byte   #$18
    .byte   #$18
    .byte   #$18
    .byte   #$18
    .byte   #$18
    .byte   #$18
    .byte   #$18
    .byte   #$76
    .byte   #$D8
    .byte   #$00
    .byte   #$00
    .byte   #$00
    .byte   #$00
    .byte   #$00
    .byte   #$00
    .byte   #$0E
    .byte   #$18
    .byte   #$18
    .byte   #$30
    .byte   #$18
    .byte   #$18
    .byte   #$0E
    .byte   #$00
    .byte   #$70
    .byte   #$18
    .byte   #$18
    .byte   #$0C
    .byte   #$18
    .byte   #$18
    .byte   #$70
    .byte   #$00
;  }
; section charset_3
charset_3
;    address 0x4C00
;    binary "fonts/SPECTR.FNT"
    .byte   #$00
    .byte   #$00
    .byte   #$00
    .byte   #$00
    .byte   #$00
    .byte   #$00
    .byte   #$00
    .byte   #$00
    .byte   #$00
    .byte   #$10
    .byte   #$10
    .byte   #$10
    .byte   #$10
    .byte   #$00
    .byte   #$10
    .byte   #$00
    .byte   #$00
    .byte   #$24
    .byte   #$24
    .byte   #$00
    .byte   #$00
    .byte   #$00
    .byte   #$00
    .byte   #$00
    .byte   #$00
    .byte   #$24
    .byte   #$7E
    .byte   #$24
    .byte   #$24
    .byte   #$7E
    .byte   #$24
    .byte   #$00
    .byte   #$10
    .byte   #$7C
    .byte   #$50
    .byte   #$7C
    .byte   #$14
    .byte   #$7C
    .byte   #$10
    .byte   #$00
    .byte   #$00
    .byte   #$62
    .byte   #$64
    .byte   #$08
    .byte   #$10
    .byte   #$26
    .byte   #$46
    .byte   #$00
    .byte   #$00
    .byte   #$30
    .byte   #$48
    .byte   #$32
    .byte   #$4A
    .byte   #$44
    .byte   #$3A
    .byte   #$00
    .byte   #$00
    .byte   #$08
    .byte   #$08
    .byte   #$10
    .byte   #$00
    .byte   #$00
    .byte   #$00
    .byte   #$00
    .byte   #$00
    .byte   #$08
    .byte   #$10
    .byte   #$10
    .byte   #$10
    .byte   #$10
    .byte   #$08
    .byte   #$00
    .byte   #$00
    .byte   #$10
    .byte   #$08
    .byte   #$08
    .byte   #$08
    .byte   #$08
    .byte   #$10
    .byte   #$00
    .byte   #$00
    .byte   #$00
    .byte   #$28
    .byte   #$10
    .byte   #$7C
    .byte   #$10
    .byte   #$28
    .byte   #$00
    .byte   #$00
    .byte   #$00
    .byte   #$10
    .byte   #$10
    .byte   #$7C
    .byte   #$10
    .byte   #$10
    .byte   #$00
    .byte   #$00
    .byte   #$00
    .byte   #$00
    .byte   #$00
    .byte   #$00
    .byte   #$08
    .byte   #$08
    .byte   #$10
    .byte   #$00
    .byte   #$00
    .byte   #$00
    .byte   #$00
    .byte   #$7C
    .byte   #$00
    .byte   #$00
    .byte   #$00
    .byte   #$00
    .byte   #$00
    .byte   #$00
    .byte   #$00
    .byte   #$00
    .byte   #$18
    .byte   #$18
    .byte   #$00
    .byte   #$00
    .byte   #$02
    .byte   #$04
    .byte   #$08
    .byte   #$10
    .byte   #$20
    .byte   #$40
    .byte   #$00
    .byte   #$00
    .byte   #$3C
    .byte   #$46
    .byte   #$4A
    .byte   #$52
    .byte   #$62
    .byte   #$3C
    .byte   #$00
    .byte   #$00
    .byte   #$10
    .byte   #$30
    .byte   #$10
    .byte   #$10
    .byte   #$10
    .byte   #$7C
    .byte   #$00
    .byte   #$00
    .byte   #$3C
    .byte   #$42
    .byte   #$02
    .byte   #$3C
    .byte   #$40
    .byte   #$7E
    .byte   #$00
    .byte   #$00
    .byte   #$3C
    .byte   #$42
    .byte   #$04
    .byte   #$02
    .byte   #$42
    .byte   #$3C
    .byte   #$00
    .byte   #$00
    .byte   #$08
    .byte   #$18
    .byte   #$28
    .byte   #$48
    .byte   #$7C
    .byte   #$08
    .byte   #$00
    .byte   #$00
    .byte   #$7E
    .byte   #$40
    .byte   #$7C
    .byte   #$02
    .byte   #$42
    .byte   #$3C
    .byte   #$00
    .byte   #$00
    .byte   #$3C
    .byte   #$40
    .byte   #$7C
    .byte   #$42
    .byte   #$42
    .byte   #$3C
    .byte   #$00
    .byte   #$00
    .byte   #$7E
    .byte   #$02
    .byte   #$04
    .byte   #$08
    .byte   #$08
    .byte   #$08
    .byte   #$00
    .byte   #$00
    .byte   #$3C
    .byte   #$42
    .byte   #$3C
    .byte   #$42
    .byte   #$42
    .byte   #$3C
    .byte   #$00
    .byte   #$00
    .byte   #$3C
    .byte   #$42
    .byte   #$42
    .byte   #$3E
    .byte   #$02
    .byte   #$3C
    .byte   #$00
    .byte   #$00
    .byte   #$00
    .byte   #$00
    .byte   #$10
    .byte   #$00
    .byte   #$00
    .byte   #$10
    .byte   #$00
    .byte   #$00
    .byte   #$00
    .byte   #$00
    .byte   #$10
    .byte   #$00
    .byte   #$10
    .byte   #$10
    .byte   #$20
    .byte   #$00
    .byte   #$00
    .byte   #$08
    .byte   #$10
    .byte   #$20
    .byte   #$10
    .byte   #$08
    .byte   #$00
    .byte   #$00
    .byte   #$00
    .byte   #$7C
    .byte   #$00
    .byte   #$00
    .byte   #$7C
    .byte   #$00
    .byte   #$00
    .byte   #$00
    .byte   #$00
    .byte   #$10
    .byte   #$08
    .byte   #$04
    .byte   #$08
    .byte   #$10
    .byte   #$00
    .byte   #$00
    .byte   #$38
    .byte   #$44
    .byte   #$08
    .byte   #$10
    .byte   #$00
    .byte   #$10
    .byte   #$00
    .byte   #$00
    .byte   #$3C
    .byte   #$4A
    .byte   #$56
    .byte   #$5E
    .byte   #$40
    .byte   #$3E
    .byte   #$00
    .byte   #$00
    .byte   #$3C
    .byte   #$42
    .byte   #$42
    .byte   #$7E
    .byte   #$42
    .byte   #$42
    .byte   #$00
    .byte   #$00
    .byte   #$7C
    .byte   #$42
    .byte   #$7C
    .byte   #$42
    .byte   #$42
    .byte   #$7C
    .byte   #$00
    .byte   #$00
    .byte   #$3C
    .byte   #$42
    .byte   #$40
    .byte   #$40
    .byte   #$42
    .byte   #$3C
    .byte   #$00
    .byte   #$00
    .byte   #$78
    .byte   #$44
    .byte   #$42
    .byte   #$42
    .byte   #$44
    .byte   #$78
    .byte   #$00
    .byte   #$00
    .byte   #$7E
    .byte   #$40
    .byte   #$7C
    .byte   #$40
    .byte   #$40
    .byte   #$7E
    .byte   #$00
    .byte   #$00
    .byte   #$7E
    .byte   #$40
    .byte   #$7C
    .byte   #$40
    .byte   #$40
    .byte   #$40
    .byte   #$00
    .byte   #$00
    .byte   #$3C
    .byte   #$42
    .byte   #$40
    .byte   #$4E
    .byte   #$42
    .byte   #$3C
    .byte   #$00
    .byte   #$00
    .byte   #$42
    .byte   #$42
    .byte   #$7E
    .byte   #$42
    .byte   #$42
    .byte   #$42
    .byte   #$00
    .byte   #$00
    .byte   #$7C
    .byte   #$10
    .byte   #$10
    .byte   #$10
    .byte   #$10
    .byte   #$7C
    .byte   #$00
    .byte   #$00
    .byte   #$02
    .byte   #$02
    .byte   #$02
    .byte   #$02
    .byte   #$42
    .byte   #$3C
    .byte   #$00
    .byte   #$00
    .byte   #$44
    .byte   #$48
    .byte   #$70
    .byte   #$48
    .byte   #$44
    .byte   #$42
    .byte   #$00
    .byte   #$00
    .byte   #$40
    .byte   #$40
    .byte   #$40
    .byte   #$40
    .byte   #$40
    .byte   #$7E
    .byte   #$00
    .byte   #$00
    .byte   #$42
    .byte   #$66
    .byte   #$5A
    .byte   #$42
    .byte   #$42
    .byte   #$42
    .byte   #$00
    .byte   #$00
    .byte   #$42
    .byte   #$62
    .byte   #$52
    .byte   #$4A
    .byte   #$46
    .byte   #$42
    .byte   #$00
    .byte   #$00
    .byte   #$3C
    .byte   #$42
    .byte   #$42
    .byte   #$42
    .byte   #$42
    .byte   #$3C
    .byte   #$00
    .byte   #$00
    .byte   #$7C
    .byte   #$42
    .byte   #$42
    .byte   #$7C
    .byte   #$40
    .byte   #$40
    .byte   #$00
    .byte   #$00
    .byte   #$3C
    .byte   #$42
    .byte   #$42
    .byte   #$4A
    .byte   #$46
    .byte   #$3C
    .byte   #$00
    .byte   #$00
    .byte   #$7C
    .byte   #$42
    .byte   #$42
    .byte   #$7C
    .byte   #$42
    .byte   #$42
    .byte   #$00
    .byte   #$00
    .byte   #$3C
    .byte   #$40
    .byte   #$3C
    .byte   #$02
    .byte   #$42
    .byte   #$3C
    .byte   #$00
    .byte   #$00
    .byte   #$FE
    .byte   #$10
    .byte   #$10
    .byte   #$10
    .byte   #$10
    .byte   #$10
    .byte   #$00
    .byte   #$00
    .byte   #$42
    .byte   #$42
    .byte   #$42
    .byte   #$42
    .byte   #$42
    .byte   #$3C
    .byte   #$00
    .byte   #$00
    .byte   #$42
    .byte   #$42
    .byte   #$42
    .byte   #$42
    .byte   #$24
    .byte   #$18
    .byte   #$00
    .byte   #$00
    .byte   #$42
    .byte   #$42
    .byte   #$42
    .byte   #$42
    .byte   #$5A
    .byte   #$24
    .byte   #$00
    .byte   #$00
    .byte   #$42
    .byte   #$24
    .byte   #$18
    .byte   #$18
    .byte   #$24
    .byte   #$42
    .byte   #$00
    .byte   #$00
    .byte   #$44
    .byte   #$44
    .byte   #$28
    .byte   #$10
    .byte   #$10
    .byte   #$10
    .byte   #$00
    .byte   #$00
    .byte   #$7E
    .byte   #$04
    .byte   #$08
    .byte   #$10
    .byte   #$20
    .byte   #$7E
    .byte   #$00
    .byte   #$00
    .byte   #$18
    .byte   #$10
    .byte   #$10
    .byte   #$10
    .byte   #$10
    .byte   #$18
    .byte   #$00
    .byte   #$00
    .byte   #$40
    .byte   #$20
    .byte   #$10
    .byte   #$08
    .byte   #$04
    .byte   #$02
    .byte   #$00
    .byte   #$00
    .byte   #$18
    .byte   #$08
    .byte   #$08
    .byte   #$08
    .byte   #$08
    .byte   #$18
    .byte   #$00
    .byte   #$00
    .byte   #$10
    .byte   #$38
    .byte   #$54
    .byte   #$10
    .byte   #$10
    .byte   #$10
    .byte   #$00
    .byte   #$00
    .byte   #$00
    .byte   #$00
    .byte   #$00
    .byte   #$00
    .byte   #$00
    .byte   #$00
    .byte   #$FF
    .byte   #$00
    .byte   #$36
    .byte   #$7F
    .byte   #$7F
    .byte   #$3E
    .byte   #$1C
    .byte   #$08
    .byte   #$00
    .byte   #$18
    .byte   #$18
    .byte   #$18
    .byte   #$1F
    .byte   #$1F
    .byte   #$18
    .byte   #$18
    .byte   #$18
    .byte   #$03
    .byte   #$03
    .byte   #$03
    .byte   #$03
    .byte   #$03
    .byte   #$03
    .byte   #$03
    .byte   #$03
    .byte   #$18
    .byte   #$18
    .byte   #$18
    .byte   #$F8
    .byte   #$F8
    .byte   #$00
    .byte   #$00
    .byte   #$00
    .byte   #$18
    .byte   #$18
    .byte   #$18
    .byte   #$F8
    .byte   #$F8
    .byte   #$18
    .byte   #$18
    .byte   #$18
    .byte   #$00
    .byte   #$00
    .byte   #$00
    .byte   #$F8
    .byte   #$F8
    .byte   #$18
    .byte   #$18
    .byte   #$18
    .byte   #$03
    .byte   #$07
    .byte   #$0E
    .byte   #$1C
    .byte   #$38
    .byte   #$70
    .byte   #$E0
    .byte   #$C0
    .byte   #$C0
    .byte   #$E0
    .byte   #$70
    .byte   #$38
    .byte   #$1C
    .byte   #$0E
    .byte   #$07
    .byte   #$03
    .byte   #$F0
    .byte   #$F0
    .byte   #$F0
    .byte   #$F0
    .byte   #$0F
    .byte   #$0F
    .byte   #$0F
    .byte   #$0F
    .byte   #$00
    .byte   #$00
    .byte   #$00
    .byte   #$00
    .byte   #$0F
    .byte   #$0F
    .byte   #$0F
    .byte   #$0F
    .byte   #$00
    .byte   #$00
    .byte   #$00
    .byte   #$00
    .byte   #$00
    .byte   #$00
    .byte   #$00
    .byte   #$00
    .byte   #$0F
    .byte   #$0F
    .byte   #$0F
    .byte   #$0F
    .byte   #$00
    .byte   #$00
    .byte   #$00
    .byte   #$00
    .byte   #$F0
    .byte   #$F0
    .byte   #$F0
    .byte   #$F0
    .byte   #$00
    .byte   #$00
    .byte   #$00
    .byte   #$00
    .byte   #$00
    .byte   #$1C
    .byte   #$22
    .byte   #$78
    .byte   #$20
    .byte   #$20
    .byte   #$7E
    .byte   #$00
    .byte   #$3C
    .byte   #$42
    .byte   #$99
    .byte   #$A1
    .byte   #$A1
    .byte   #$99
    .byte   #$42
    .byte   #$3C
    .byte   #$00
    .byte   #$00
    .byte   #$00
    .byte   #$00
    .byte   #$F0
    .byte   #$F0
    .byte   #$F0
    .byte   #$F0
    .byte   #$00
    .byte   #$1C
    .byte   #$1C
    .byte   #$77
    .byte   #$77
    .byte   #$08
    .byte   #$1C
    .byte   #$00
    .byte   #$00
    .byte   #$00
    .byte   #$00
    .byte   #$1F
    .byte   #$1F
    .byte   #$18
    .byte   #$18
    .byte   #$18
    .byte   #$00
    .byte   #$00
    .byte   #$00
    .byte   #$FF
    .byte   #$FF
    .byte   #$00
    .byte   #$00
    .byte   #$00
    .byte   #$18
    .byte   #$18
    .byte   #$18
    .byte   #$FF
    .byte   #$FF
    .byte   #$18
    .byte   #$18
    .byte   #$18
    .byte   #$00
    .byte   #$00
    .byte   #$3C
    .byte   #$7E
    .byte   #$7E
    .byte   #$7E
    .byte   #$3C
    .byte   #$00
    .byte   #$00
    .byte   #$00
    .byte   #$00
    .byte   #$00
    .byte   #$FF
    .byte   #$FF
    .byte   #$FF
    .byte   #$FF
    .byte   #$C0
    .byte   #$C0
    .byte   #$C0
    .byte   #$C0
    .byte   #$C0
    .byte   #$C0
    .byte   #$C0
    .byte   #$C0
    .byte   #$00
    .byte   #$00
    .byte   #$00
    .byte   #$FF
    .byte   #$FF
    .byte   #$18
    .byte   #$18
    .byte   #$18
    .byte   #$18
    .byte   #$18
    .byte   #$18
    .byte   #$FF
    .byte   #$FF
    .byte   #$00
    .byte   #$00
    .byte   #$00
    .byte   #$F0
    .byte   #$F0
    .byte   #$F0
    .byte   #$F0
    .byte   #$F0
    .byte   #$F0
    .byte   #$F0
    .byte   #$F0
    .byte   #$18
    .byte   #$18
    .byte   #$18
    .byte   #$1F
    .byte   #$1F
    .byte   #$00
    .byte   #$00
    .byte   #$00
    .byte   #$78
    .byte   #$60
    .byte   #$78
    .byte   #$60
    .byte   #$7E
    .byte   #$18
    .byte   #$1E
    .byte   #$00
    .byte   #$00
    .byte   #$18
    .byte   #$3C
    .byte   #$7E
    .byte   #$18
    .byte   #$18
    .byte   #$18
    .byte   #$00
    .byte   #$00
    .byte   #$18
    .byte   #$18
    .byte   #$18
    .byte   #$7E
    .byte   #$3C
    .byte   #$18
    .byte   #$00
    .byte   #$00
    .byte   #$18
    .byte   #$30
    .byte   #$7E
    .byte   #$30
    .byte   #$18
    .byte   #$00
    .byte   #$00
    .byte   #$00
    .byte   #$18
    .byte   #$0C
    .byte   #$7E
    .byte   #$0C
    .byte   #$18
    .byte   #$00
    .byte   #$00
    .byte   #$00
    .byte   #$18
    .byte   #$3C
    .byte   #$7E
    .byte   #$7E
    .byte   #$3C
    .byte   #$18
    .byte   #$00
    .byte   #$00
    .byte   #$00
    .byte   #$38
    .byte   #$04
    .byte   #$3C
    .byte   #$44
    .byte   #$3C
    .byte   #$00
    .byte   #$00
    .byte   #$20
    .byte   #$20
    .byte   #$3C
    .byte   #$22
    .byte   #$22
    .byte   #$3C
    .byte   #$00
    .byte   #$00
    .byte   #$00
    .byte   #$1C
    .byte   #$20
    .byte   #$20
    .byte   #$20
    .byte   #$1C
    .byte   #$00
    .byte   #$00
    .byte   #$04
    .byte   #$04
    .byte   #$3C
    .byte   #$44
    .byte   #$44
    .byte   #$3C
    .byte   #$00
    .byte   #$00
    .byte   #$00
    .byte   #$38
    .byte   #$44
    .byte   #$7C
    .byte   #$40
    .byte   #$3C
    .byte   #$00
    .byte   #$00
    .byte   #$0C
    .byte   #$10
    .byte   #$38
    .byte   #$10
    .byte   #$10
    .byte   #$10
    .byte   #$00
    .byte   #$00
    .byte   #$00
    .byte   #$3C
    .byte   #$44
    .byte   #$44
    .byte   #$3C
    .byte   #$04
    .byte   #$38
    .byte   #$00
    .byte   #$40
    .byte   #$40
    .byte   #$78
    .byte   #$44
    .byte   #$44
    .byte   #$44
    .byte   #$00
    .byte   #$00
    .byte   #$10
    .byte   #$00
    .byte   #$30
    .byte   #$10
    .byte   #$10
    .byte   #$38
    .byte   #$00
    .byte   #$00
    .byte   #$08
    .byte   #$00
    .byte   #$08
    .byte   #$08
    .byte   #$08
    .byte   #$08
    .byte   #$30
    .byte   #$00
    .byte   #$20
    .byte   #$20
    .byte   #$28
    .byte   #$30
    .byte   #$28
    .byte   #$24
    .byte   #$00
    .byte   #$00
    .byte   #$10
    .byte   #$10
    .byte   #$10
    .byte   #$10
    .byte   #$10
    .byte   #$0C
    .byte   #$00
    .byte   #$00
    .byte   #$00
    .byte   #$78
    .byte   #$54
    .byte   #$54
    .byte   #$54
    .byte   #$54
    .byte   #$00
    .byte   #$00
    .byte   #$00
    .byte   #$78
    .byte   #$44
    .byte   #$44
    .byte   #$44
    .byte   #$44
    .byte   #$00
    .byte   #$00
    .byte   #$00
    .byte   #$38
    .byte   #$44
    .byte   #$44
    .byte   #$44
    .byte   #$38
    .byte   #$00
    .byte   #$00
    .byte   #$00
    .byte   #$78
    .byte   #$44
    .byte   #$44
    .byte   #$78
    .byte   #$40
    .byte   #$40
    .byte   #$00
    .byte   #$00
    .byte   #$3C
    .byte   #$44
    .byte   #$44
    .byte   #$3C
    .byte   #$04
    .byte   #$04
    .byte   #$00
    .byte   #$00
    .byte   #$1C
    .byte   #$20
    .byte   #$20
    .byte   #$20
    .byte   #$20
    .byte   #$00
    .byte   #$00
    .byte   #$00
    .byte   #$38
    .byte   #$40
    .byte   #$38
    .byte   #$04
    .byte   #$78
    .byte   #$00
    .byte   #$00
    .byte   #$10
    .byte   #$38
    .byte   #$10
    .byte   #$10
    .byte   #$10
    .byte   #$0C
    .byte   #$00
    .byte   #$00
    .byte   #$00
    .byte   #$44
    .byte   #$44
    .byte   #$44
    .byte   #$44
    .byte   #$3C
    .byte   #$00
    .byte   #$00
    .byte   #$00
    .byte   #$44
    .byte   #$44
    .byte   #$44
    .byte   #$28
    .byte   #$10
    .byte   #$00
    .byte   #$00
    .byte   #$00
    .byte   #$44
    .byte   #$54
    .byte   #$54
    .byte   #$54
    .byte   #$28
    .byte   #$00
    .byte   #$00
    .byte   #$00
    .byte   #$44
    .byte   #$28
    .byte   #$10
    .byte   #$28
    .byte   #$44
    .byte   #$00
    .byte   #$00
    .byte   #$00
    .byte   #$44
    .byte   #$44
    .byte   #$44
    .byte   #$3C
    .byte   #$04
    .byte   #$38
    .byte   #$00
    .byte   #$00
    .byte   #$7C
    .byte   #$08
    .byte   #$10
    .byte   #$20
    .byte   #$7C
    .byte   #$00
    .byte   #$00
    .byte   #$18
    .byte   #$3C
    .byte   #$7E
    .byte   #$7E
    .byte   #$18
    .byte   #$3C
    .byte   #$00
    .byte   #$10
    .byte   #$10
    .byte   #$10
    .byte   #$10
    .byte   #$10
    .byte   #$10
    .byte   #$10
    .byte   #$10
    .byte   #$00
    .byte   #$14
    .byte   #$28
    .byte   #$00
    .byte   #$00
    .byte   #$00
    .byte   #$00
    .byte   #$00
    .byte   #$08
    .byte   #$10
    .byte   #$10
    .byte   #$20
    .byte   #$10
    .byte   #$10
    .byte   #$08
    .byte   #$00
    .byte   #$10
    .byte   #$08
    .byte   #$08
    .byte   #$04
    .byte   #$08
    .byte   #$08
    .byte   #$10
    .byte   #$00
;  }
