; section vbl
vbl
    LDA     RTCLOK
    STA     screen+959
;    //mode2 960 (0x3C0) chars
;    screen+0x3BF=a=RTCLOK
;  
;    takt
	; inlined takt
__I1takt
    JSR     player+3
	; end of inlined takt
;  
;    OLD_VBLKD: goto VVBLKD
OLD_VBLKD
    JMP     VVBLKD
;  }
; section init
init
    LDA     #<(dl)
    STA     SDLSTL
;    SDLSTL=a=&<dl SDLSTH=a=&>dl
    LDA     #>(dl)
    STA     SDLSTH
;  
;    pause
	; inlined pause
__I2pause
    LDA     RTCLOK
__I2__label_2
    CMP     RTCLOK
	BEQ	__I2__label_2
	; end of inlined pause
;  
;    register_custom_vbl
	; inlined register_custom_vbl
__I3register_custom_vbl
    LDA     VVBLKD
    STA     OLD_VBLKD+1
    LDA     VVBLKD+1
    STA     OLD_VBLKD+2
    LDA     #<(vbl)
    STA     VVBLKD
    LDA     #>(vbl)
    STA     VVBLKD+1
	; end of inlined register_custom_vbl
;  }
    RTS
; section main
main
    JSR     init
;    init
;    
;    comm
	; inlined comm
__I4comm
    LDA     #$00
    LDX     #>(music)
    LDY     #<(music)
    JSR     player
    LDA     #$04
    LDX     #$00
    LDY     #$00
    JSR     player
	; end of inlined comm
;  
;    x=0 { a=x screen,x=a x++ } !=
    LDX     #$00
__label_3
    TXA
    STA     screen,X
    INX
    BNE     __label_3
;  
;    {} always
__label_4
    JMP     __label_4
;  }
; section dl
dl
    .byte   #$70
    .byte   #$70
    .byte   #$70
;    nocross
;    for x=1..3 eval [ 0x70 ]
;    0x42 &<screen &>screen
    .byte     #$42
    .byte     #<(screen)
    .byte     #>(screen)
;    for x=1..23 eval [ 2 ]
    .byte   #$02
    .byte   #$02
    .byte   #$02
    .byte   #$02
    .byte   #$02
    .byte   #$02
    .byte   #$02
    .byte   #$02
    .byte   #$02
    .byte   #$02
    .byte   #$02
    .byte   #$02
    .byte   #$02
    .byte   #$02
    .byte   #$02
    .byte   #$02
    .byte   #$02
    .byte   #$02
    .byte   #$02
    .byte   #$02
    .byte   #$02
    .byte   #$02
    .byte   #$02
;    0x41 &<dl &>dl
    .byte     #$41
    .byte     #<(dl)
    .byte     #>(dl)
;  }
; section music
music
;    address [ADR_MUS]
;    binary "data/bitter_reality_4.bin"
    .byte   #$00
    .byte   #$00
    .byte   #$B2
    .byte   #$A2
    .byte   #$E2
    .byte   #$A2
    .byte   #$12
    .byte   #$A3
    .byte   #$42
    .byte   #$A3
    .byte   #$00
    .byte   #$00
    .byte   #$72
    .byte   #$A3
    .byte   #$A2
    .byte   #$A3
    .byte   #$D2
    .byte   #$A3
    .byte   #$02
    .byte   #$A4
    .byte   #$32
    .byte   #$A4
    .byte   #$62
    .byte   #$A4
    .byte   #$00
    .byte   #$00
    .byte   #$00
    .byte   #$00
    .byte   #$00
    .byte   #$00
    .byte   #$00
    .byte   #$00
    .byte   #$00
    .byte   #$00
    .byte   #$00
    .byte   #$00
    .byte   #$00
    .byte   #$00
    .byte   #$00
    .byte   #$00
    .byte   #$00
    .byte   #$00
    .byte   #$00
    .byte   #$00
    .byte   #$00
    .byte   #$00
    .byte   #$00
    .byte   #$00
    .byte   #$00
    .byte   #$00
    .byte   #$00
    .byte   #$00
    .byte   #$00
    .byte   #$00
    .byte   #$00
    .byte   #$00
    .byte   #$00
    .byte   #$00
    .byte   #$00
    .byte   #$00
    .byte   #$00
    .byte   #$00
    .byte   #$00
    .byte   #$00
    .byte   #$00
    .byte   #$00
    .byte   #$92
    .byte   #$A4
    .byte   #$A8
    .byte   #$A4
    .byte   #$B8
    .byte   #$A4
    .byte   #$C8
    .byte   #$A4
    .byte   #$D2
    .byte   #$A4
    .byte   #$22
    .byte   #$A5
    .byte   #$52
    .byte   #$A5
    .byte   #$75
    .byte   #$A5
    .byte   #$A0
    .byte   #$A5
    .byte   #$C2
    .byte   #$A5
    .byte   #$F5
    .byte   #$A5
    .byte   #$0C
    .byte   #$A6
    .byte   #$43
    .byte   #$A6
    .byte   #$65
    .byte   #$A6
    .byte   #$8C
    .byte   #$A6
    .byte   #$B2
    .byte   #$A6
    .byte   #$FA
    .byte   #$A6
    .byte   #$1C
    .byte   #$A7
    .byte   #$53
    .byte   #$A7
    .byte   #$5F
    .byte   #$A7
    .byte   #$B8
    .byte   #$A7
    .byte   #$DA
    .byte   #$A7
    .byte   #$EB
    .byte   #$A7
    .byte   #$1C
    .byte   #$A8
    .byte   #$57
    .byte   #$A8
    .byte   #$79
    .byte   #$A8
    .byte   #$B0
    .byte   #$A8
    .byte   #$F2
    .byte   #$A8
    .byte   #$1C
    .byte   #$A9
    .byte   #$3E
    .byte   #$A9
    .byte   #$67
    .byte   #$A9
    .byte   #$7D
    .byte   #$A9
    .byte   #$CE
    .byte   #$A9
    .byte   #$F0
    .byte   #$A9
    .byte   #$28
    .byte   #$AA
    .byte   #$38
    .byte   #$AA
    .byte   #$A7
    .byte   #$AA
    .byte   #$C9
    .byte   #$AA
    .byte   #$FA
    .byte   #$AA
    .byte   #$27
    .byte   #$AB
    .byte   #$8B
    .byte   #$AB
    .byte   #$AD
    .byte   #$AB
    .byte   #$E2
    .byte   #$AB
    .byte   #$0C
    .byte   #$AC
    .byte   #$00
    .byte   #$00
    .byte   #$00
    .byte   #$00
    .byte   #$00
    .byte   #$00
    .byte   #$00
    .byte   #$00
    .byte   #$00
    .byte   #$00
    .byte   #$00
    .byte   #$00
    .byte   #$00
    .byte   #$00
    .byte   #$00
    .byte   #$00
    .byte   #$00
    .byte   #$00
    .byte   #$00
    .byte   #$00
    .byte   #$00
    .byte   #$00
    .byte   #$00
    .byte   #$00
    .byte   #$00
    .byte   #$00
    .byte   #$00
    .byte   #$00
    .byte   #$00
    .byte   #$00
    .byte   #$00
    .byte   #$00
    .byte   #$00
    .byte   #$00
    .byte   #$00
    .byte   #$00
    .byte   #$00
    .byte   #$00
    .byte   #$00
    .byte   #$F1
    .byte   #$E4
    .byte   #$D7
    .byte   #$CB
    .byte   #$C0
    .byte   #$B5
    .byte   #$AA
    .byte   #$A1
    .byte   #$98
    .byte   #$8F
    .byte   #$87
    .byte   #$7F
    .byte   #$78
    .byte   #$72
    .byte   #$6B
    .byte   #$65
    .byte   #$5F
    .byte   #$5A
    .byte   #$55
    .byte   #$50
    .byte   #$4B
    .byte   #$47
    .byte   #$43
    .byte   #$3F
    .byte   #$3C
    .byte   #$38
    .byte   #$35
    .byte   #$32
    .byte   #$2F
    .byte   #$2C
    .byte   #$2A
    .byte   #$28
    .byte   #$25
    .byte   #$23
    .byte   #$21
    .byte   #$1F
    .byte   #$1D
    .byte   #$1C
    .byte   #$1A
    .byte   #$18
    .byte   #$17
    .byte   #$16
    .byte   #$14
    .byte   #$13
    .byte   #$12
    .byte   #$11
    .byte   #$10
    .byte   #$0F
    .byte   #$0E
    .byte   #$0D
    .byte   #$0C
    .byte   #$0B
    .byte   #$0A
    .byte   #$09
    .byte   #$08
    .byte   #$07
    .byte   #$06
    .byte   #$05
    .byte   #$04
    .byte   #$03
    .byte   #$02
    .byte   #$01
    .byte   #$00
    .byte   #$00
    .byte   #$F2
    .byte   #$E6
    .byte   #$DA
    .byte   #$CE
    .byte   #$BF
    .byte   #$B6
    .byte   #$AA
    .byte   #$A1
    .byte   #$98
    .byte   #$8F
    .byte   #$89
    .byte   #$80
    .byte   #$7A
    .byte   #$71
    .byte   #$6B
    .byte   #$65
    .byte   #$5F
    .byte   #$5C
    .byte   #$56
    .byte   #$50
    .byte   #$4D
    .byte   #$47
    .byte   #$44
    .byte   #$3E
    .byte   #$3C
    .byte   #$38
    .byte   #$35
    .byte   #$32
    .byte   #$2F
    .byte   #$2D
    .byte   #$2A
    .byte   #$28
    .byte   #$25
    .byte   #$23
    .byte   #$21
    .byte   #$1F
    .byte   #$1D
    .byte   #$1C
    .byte   #$1A
    .byte   #$18
    .byte   #$17
    .byte   #$16
    .byte   #$14
    .byte   #$13
    .byte   #$12
    .byte   #$11
    .byte   #$10
    .byte   #$0F
    .byte   #$0E
    .byte   #$0D
    .byte   #$0C
    .byte   #$0B
    .byte   #$0A
    .byte   #$09
    .byte   #$08
    .byte   #$07
    .byte   #$06
    .byte   #$05
    .byte   #$04
    .byte   #$03
    .byte   #$02
    .byte   #$01
    .byte   #$00
    .byte   #$00
    .byte   #$FF
    .byte   #$F1
    .byte   #$E4
    .byte   #$D8
    .byte   #$CA
    .byte   #$C0
    .byte   #$B5
    .byte   #$AB
    .byte   #$A2
    .byte   #$99
    .byte   #$8E
    .byte   #$87
    .byte   #$7F
    .byte   #$79
    .byte   #$73
    .byte   #$70
    .byte   #$66
    .byte   #$61
    .byte   #$5A
    .byte   #$55
    .byte   #$52
    .byte   #$4B
    .byte   #$48
    .byte   #$43
    .byte   #$3F
    .byte   #$3C
    .byte   #$39
    .byte   #$37
    .byte   #$33
    .byte   #$30
    .byte   #$2D
    .byte   #$2A
    .byte   #$28
    .byte   #$25
    .byte   #$24
    .byte   #$21
    .byte   #$1F
    .byte   #$1E
    .byte   #$1C
    .byte   #$1B
    .byte   #$19
    .byte   #$17
    .byte   #$16
    .byte   #$15
    .byte   #$13
    .byte   #$12
    .byte   #$11
    .byte   #$10
    .byte   #$0F
    .byte   #$0E
    .byte   #$0D
    .byte   #$0C
    .byte   #$0B
    .byte   #$0A
    .byte   #$09
    .byte   #$08
    .byte   #$07
    .byte   #$06
    .byte   #$05
    .byte   #$04
    .byte   #$03
    .byte   #$02
    .byte   #$01
    .byte   #$00
    .byte   #$F3
    .byte   #$E6
    .byte   #$D9
    .byte   #$CC
    .byte   #$C1
    .byte   #$B5
    .byte   #$AD
    .byte   #$A2
    .byte   #$99
    .byte   #$90
    .byte   #$88
    .byte   #$80
    .byte   #$79
    .byte   #$72
    .byte   #$6C
    .byte   #$66
    .byte   #$60
    .byte   #$5B
    .byte   #$55
    .byte   #$51
    .byte   #$4C
    .byte   #$48
    .byte   #$44
    .byte   #$40
    .byte   #$3C
    .byte   #$39
    .byte   #$35
    .byte   #$32
    .byte   #$2F
    .byte   #$2D
    .byte   #$2A
    .byte   #$28
    .byte   #$25
    .byte   #$23
    .byte   #$21
    .byte   #$1F
    .byte   #$1D
    .byte   #$1C
    .byte   #$1A
    .byte   #$18
    .byte   #$17
    .byte   #$16
    .byte   #$14
    .byte   #$13
    .byte   #$12
    .byte   #$11
    .byte   #$10
    .byte   #$0F
    .byte   #$0E
    .byte   #$0D
    .byte   #$0C
    .byte   #$0B
    .byte   #$0A
    .byte   #$09
    .byte   #$08
    .byte   #$07
    .byte   #$06
    .byte   #$05
    .byte   #$04
    .byte   #$03
    .byte   #$02
    .byte   #$01
    .byte   #$00
    .byte   #$CA
    .byte   #$04
    .byte   #$3E
    .byte   #$78
    .byte   #$A1
    .byte   #$A2
    .byte   #$A2
    .byte   #$A2
    .byte   #$40
    .byte   #$06
    .byte   #$01
    .byte   #$00
    .byte   #$05
    .byte   #$00
    .byte   #$05
    .byte   #$00
    .byte   #$09
    .byte   #$00
    .byte   #$05
    .byte   #$00
    .byte   #$05
    .byte   #$00
    .byte   #$0D
    .byte   #$00
    .byte   #$0D
    .byte   #$00
    .byte   #$09
    .byte   #$00
    .byte   #$11
    .byte   #$00
    .byte   #$0D
    .byte   #$00
    .byte   #$15
    .byte   #$00
    .byte   #$15
    .byte   #$00
    .byte   #$19
    .byte   #$00
    .byte   #$19
    .byte   #$00
    .byte   #$1D
    .byte   #$00
    .byte   #$1D
    .byte   #$00
    .byte   #$21
    .byte   #$00
    .byte   #$11
    .byte   #$00
    .byte   #$15
    .byte   #$00
    .byte   #$05
    .byte   #$00
    .byte   #$05
    .byte   #$00
    .byte   #$09
    .byte   #$00
    .byte   #$11
    .byte   #$00
    .byte   #$15
    .byte   #$00
    .byte   #$25
    .byte   #$00
    .byte   #$29
    .byte   #$00
    .byte   #$25
    .byte   #$00
    .byte   #$FF
    .byte   #$00
    .byte   #$02
    .byte   #$00
    .byte   #$06
    .byte   #$00
    .byte   #$06
    .byte   #$00
    .byte   #$0A
    .byte   #$00
    .byte   #$06
    .byte   #$00
    .byte   #$06
    .byte   #$00
    .byte   #$0E
    .byte   #$00
    .byte   #$0E
    .byte   #$00
    .byte   #$0A
    .byte   #$00
    .byte   #$12
    .byte   #$00
    .byte   #$0E
    .byte   #$00
    .byte   #$16
    .byte   #$00
    .byte   #$16
    .byte   #$00
    .byte   #$1A
    .byte   #$00
    .byte   #$1A
    .byte   #$00
    .byte   #$1E
    .byte   #$00
    .byte   #$1E
    .byte   #$00
    .byte   #$22
    .byte   #$00
    .byte   #$12
    .byte   #$00
    .byte   #$16
    .byte   #$00
    .byte   #$06
    .byte   #$00
    .byte   #$06
    .byte   #$00
    .byte   #$0A
    .byte   #$00
    .byte   #$12
    .byte   #$00
    .byte   #$16
    .byte   #$00
    .byte   #$26
    .byte   #$00
    .byte   #$2A
    .byte   #$00
    .byte   #$26
    .byte   #$00
    .byte   #$00
    .byte   #$00
    .byte   #$03
    .byte   #$00
    .byte   #$07
    .byte   #$00
    .byte   #$07
    .byte   #$00
    .byte   #$0B
    .byte   #$00
    .byte   #$07
    .byte   #$00
    .byte   #$07
    .byte   #$00
    .byte   #$0F
    .byte   #$00
    .byte   #$0F
    .byte   #$00
    .byte   #$0B
    .byte   #$00
    .byte   #$13
    .byte   #$00
    .byte   #$0F
    .byte   #$00
    .byte   #$17
    .byte   #$00
    .byte   #$17
    .byte   #$00
    .byte   #$1B
    .byte   #$00
    .byte   #$1B
    .byte   #$00
    .byte   #$1F
    .byte   #$00
    .byte   #$1F
    .byte   #$00
    .byte   #$23
    .byte   #$00
    .byte   #$13
    .byte   #$00
    .byte   #$17
    .byte   #$00
    .byte   #$07
    .byte   #$00
    .byte   #$07
    .byte   #$00
    .byte   #$0B
    .byte   #$00
    .byte   #$13
    .byte   #$00
    .byte   #$17
    .byte   #$00
    .byte   #$27
    .byte   #$00
    .byte   #$2B
    .byte   #$00
    .byte   #$27
    .byte   #$00
    .byte   #$00
    .byte   #$00
    .byte   #$04
    .byte   #$00
    .byte   #$08
    .byte   #$00
    .byte   #$08
    .byte   #$00
    .byte   #$0C
    .byte   #$00
    .byte   #$08
    .byte   #$00
    .byte   #$08
    .byte   #$00
    .byte   #$10
    .byte   #$00
    .byte   #$10
    .byte   #$00
    .byte   #$0C
    .byte   #$00
    .byte   #$14
    .byte   #$00
    .byte   #$10
    .byte   #$00
    .byte   #$18
    .byte   #$00
    .byte   #$18
    .byte   #$00
    .byte   #$1C
    .byte   #$00
    .byte   #$1C
    .byte   #$00
    .byte   #$20
    .byte   #$00
    .byte   #$20
    .byte   #$00
    .byte   #$24
    .byte   #$00
    .byte   #$14
    .byte   #$00
    .byte   #$18
    .byte   #$00
    .byte   #$08
    .byte   #$00
    .byte   #$08
    .byte   #$00
    .byte   #$0C
    .byte   #$00
    .byte   #$14
    .byte   #$00
    .byte   #$18
    .byte   #$00
    .byte   #$28
    .byte   #$00
    .byte   #$2C
    .byte   #$00
    .byte   #$28
    .byte   #$00
    .byte   #$00
    .byte   #$00
    .byte   #$86
    .byte   #$01
    .byte   #$AF
    .byte   #$21
    .byte   #$AC
    .byte   #$42
    .byte   #$A8
    .byte   #$42
    .byte   #$A5
    .byte   #$42
    .byte   #$82
    .byte   #$01
    .byte   #$81
    .byte   #$01
    .byte   #$00
    .byte   #$00
    .byte   #$00
    .byte   #$00
    .byte   #$00
    .byte   #$00
    .byte   #$00
    .byte   #$00
    .byte   #$00
    .byte   #$00
    .byte   #$00
    .byte   #$00
    .byte   #$00
    .byte   #$00
    .byte   #$00
    .byte   #$00
    .byte   #$00
    .byte   #$00
    .byte   #$00
    .byte   #$00
    .byte   #$00
    .byte   #$00
    .byte   #$00
    .byte   #$00
    .byte   #$00
    .byte   #$00
    .byte   #$03
    .byte   #$D0
    .byte   #$0E
    .byte   #$00
    .byte   #$00
    .byte   #$00
    .byte   #$00
    .byte   #$00
    .byte   #$89
    .byte   #$01
    .byte   #$AF
    .byte   #$21
    .byte   #$AA
    .byte   #$42
    .byte   #$87
    .byte   #$01
    .byte   #$86
    .byte   #$01
    .byte   #$85
    .byte   #$01
    .byte   #$84
    .byte   #$01
    .byte   #$83
    .byte   #$01
    .byte   #$83
    .byte   #$01
    .byte   #$83
    .byte   #$01
    .byte   #$82
    .byte   #$01
    .byte   #$82
    .byte   #$01
    .byte   #$81
    .byte   #$01
    .byte   #$81
    .byte   #$01
    .byte   #$81
    .byte   #$01
    .byte   #$00
    .byte   #$00
    .byte   #$00
    .byte   #$00
    .byte   #$00
    .byte   #$00
    .byte   #$00
    .byte   #$00
    .byte   #$00
    .byte   #$00
    .byte   #$02
    .byte   #$90
    .byte   #$10
    .byte   #$00
    .byte   #$00
    .byte   #$00
    .byte   #$00
    .byte   #$00
    .byte   #$87
    .byte   #$01
    .byte   #$84
    .byte   #$01
    .byte   #$83
    .byte   #$01
    .byte   #$82
    .byte   #$01
    .byte   #$82
    .byte   #$01
    .byte   #$81
    .byte   #$01
    .byte   #$81
    .byte   #$01
    .byte   #$81
    .byte   #$01
    .byte   #$81
    .byte   #$01
    .byte   #$00
    .byte   #$00
    .byte   #$00
    .byte   #$00
    .byte   #$00
    .byte   #$00
    .byte   #$00
    .byte   #$00
    .byte   #$00
    .byte   #$00
    .byte   #$00
    .byte   #$00
    .byte   #$00
    .byte   #$00
    .byte   #$00
    .byte   #$00
    .byte   #$00
    .byte   #$00
    .byte   #$00
    .byte   #$00
    .byte   #$00
    .byte   #$00
    .byte   #$00
    .byte   #$00
    .byte   #$00
    .byte   #$00
    .byte   #$00
    .byte   #$00
    .byte   #$00
    .byte   #$00
    .byte   #$A9
    .byte   #$23
    .byte   #$A8
    .byte   #$00
    .byte   #$A6
    .byte   #$00
    .byte   #$A5
    .byte   #$00
    .byte   #$A4
    .byte   #$00
    .byte   #$A4
    .byte   #$00
    .byte   #$A3
    .byte   #$00
    .byte   #$A2
    .byte   #$00
    .byte   #$A2
    .byte   #$00
    .byte   #$A1
    .byte   #$00
    .byte   #$A1
    .byte   #$00
    .byte   #$A0
    .byte   #$00
    .byte   #$00
    .byte   #$00
    .byte   #$00
    .byte   #$00
    .byte   #$00
    .byte   #$00
    .byte   #$00
    .byte   #$00
    .byte   #$01
    .byte   #$00
    .byte   #$00
    .byte   #$00
    .byte   #$00
    .byte   #$00
    .byte   #$00
    .byte   #$00
    .byte   #$00
    .byte   #$0C
    .byte   #$00
    .byte   #$00
    .byte   #$00
    .byte   #$00
    .byte   #$00
    .byte   #$00
    .byte   #$A9
    .byte   #$00
    .byte   #$A8
    .byte   #$00
    .byte   #$A7
    .byte   #$00
    .byte   #$A6
    .byte   #$00
    .byte   #$A5
    .byte   #$00
    .byte   #$A4
    .byte   #$00
    .byte   #$A4
    .byte   #$00
    .byte   #$A3
    .byte   #$00
    .byte   #$A3
    .byte   #$00
    .byte   #$A3
    .byte   #$00
    .byte   #$A2
    .byte   #$00
    .byte   #$A2
    .byte   #$00
    .byte   #$A2
    .byte   #$00
    .byte   #$A2
    .byte   #$00
    .byte   #$A1
    .byte   #$00
    .byte   #$00
    .byte   #$00
    .byte   #$00
    .byte   #$00
    .byte   #$00
    .byte   #$00
    .byte   #$00
    .byte   #$0C
    .byte   #$00
    .byte   #$0C
    .byte   #$00
    .byte   #$00
    .byte   #$00
    .byte   #$00
    .byte   #$00
    .byte   #$00
    .byte   #$00
    .byte   #$00
    .byte   #$A9
    .byte   #$00
    .byte   #$A7
    .byte   #$00
    .byte   #$A6
    .byte   #$00
    .byte   #$A6
    .byte   #$00
    .byte   #$A5
    .byte   #$00
    .byte   #$A5
    .byte   #$00
    .byte   #$A5
    .byte   #$00
    .byte   #$A5
    .byte   #$00
    .byte   #$A5
    .byte   #$00
    .byte   #$A4
    .byte   #$00
    .byte   #$A4
    .byte   #$00
    .byte   #$A4
    .byte   #$00
    .byte   #$A4
    .byte   #$00
    .byte   #$A4
    .byte   #$00
    .byte   #$A4
    .byte   #$00
    .byte   #$A4
    .byte   #$00
    .byte   #$01
    .byte   #$00
    .byte   #$00
    .byte   #$00
    .byte   #$00
    .byte   #$00
    .byte   #$00
    .byte   #$00
    .byte   #$00
    .byte   #$00
    .byte   #$00
    .byte   #$00
    .byte   #$00
    .byte   #$00
    .byte   #$00
    .byte   #$00
    .byte   #$AA
    .byte   #$00
    .byte   #$A9
    .byte   #$00
    .byte   #$A8
    .byte   #$00
    .byte   #$A7
    .byte   #$00
    .byte   #$A7
    .byte   #$00
    .byte   #$A6
    .byte   #$00
    .byte   #$A5
    .byte   #$00
    .byte   #$A4
    .byte   #$00
    .byte   #$A4
    .byte   #$00
    .byte   #$A3
    .byte   #$00
    .byte   #$A2
    .byte   #$00
    .byte   #$A2
    .byte   #$00
    .byte   #$A2
    .byte   #$00
    .byte   #$A2
    .byte   #$00
    .byte   #$A1
    .byte   #$00
    .byte   #$00
    .byte   #$00
    .byte   #$00
    .byte   #$00
    .byte   #$00
    .byte   #$00
    .byte   #$0C
    .byte   #$0C
    .byte   #$00
    .byte   #$00
    .byte   #$00
    .byte   #$00
    .byte   #$00
    .byte   #$00
    .byte   #$00
    .byte   #$00
    .byte   #$00
    .byte   #$00
    .byte   #$AB
    .byte   #$00
    .byte   #$A9
    .byte   #$03
    .byte   #$A8
    .byte   #$00
    .byte   #$A7
    .byte   #$23
    .byte   #$A7
    .byte   #$00
    .byte   #$A6
    .byte   #$03
    .byte   #$A5
    .byte   #$00
    .byte   #$A4
    .byte   #$23
    .byte   #$A3
    .byte   #$00
    .byte   #$A3
    .byte   #$00
    .byte   #$A4
    .byte   #$00
    .byte   #$A3
    .byte   #$00
    .byte   #$A0
    .byte   #$00
    .byte   #$A0
    .byte   #$00
    .byte   #$A0
    .byte   #$00
    .byte   #$00
    .byte   #$00
    .byte   #$01
    .byte   #$00
    .byte   #$00
    .byte   #$00
    .byte   #$00
    .byte   #$00
    .byte   #$00
    .byte   #$00
    .byte   #$0C
    .byte   #$18
    .byte   #$00
    .byte   #$00
    .byte   #$00
    .byte   #$00
    .byte   #$00
    .byte   #$00
    .byte   #$A9
    .byte   #$00
    .byte   #$A8
    .byte   #$00
    .byte   #$A8
    .byte   #$00
    .byte   #$A7
    .byte   #$00
    .byte   #$A7
    .byte   #$00
    .byte   #$A6
    .byte   #$00
    .byte   #$A6
    .byte   #$00
    .byte   #$A6
    .byte   #$00
    .byte   #$A5
    .byte   #$00
    .byte   #$A5
    .byte   #$00
    .byte   #$A5
    .byte   #$00
    .byte   #$A5
    .byte   #$00
    .byte   #$A5
    .byte   #$00
    .byte   #$A5
    .byte   #$00
    .byte   #$A5
    .byte   #$00
    .byte   #$A5
    .byte   #$00
    .byte   #$01
    .byte   #$00
    .byte   #$00
    .byte   #$00
    .byte   #$00
    .byte   #$00
    .byte   #$00
    .byte   #$00
    .byte   #$00
    .byte   #$00
    .byte   #$00
    .byte   #$00
    .byte   #$00
    .byte   #$00
    .byte   #$00
    .byte   #$00
    .byte   #$CB
    .byte   #$00
    .byte   #$CA
    .byte   #$00
    .byte   #$C9
    .byte   #$00
    .byte   #$C8
    .byte   #$00
    .byte   #$C8
    .byte   #$00
    .byte   #$C7
    .byte   #$00
    .byte   #$C7
    .byte   #$00
    .byte   #$C6
    .byte   #$00
    .byte   #$C6
    .byte   #$00
    .byte   #$C5
    .byte   #$00
    .byte   #$C5
    .byte   #$00
    .byte   #$C4
    .byte   #$00
    .byte   #$C3
    .byte   #$00
    .byte   #$C2
    .byte   #$00
    .byte   #$C1
    .byte   #$00
    .byte   #$00
    .byte   #$00
    .byte   #$00
    .byte   #$20
    .byte   #$00
    .byte   #$00
    .byte   #$0C
    .byte   #$0C
    .byte   #$0C
    .byte   #$0C
    .byte   #$00
    .byte   #$00
    .byte   #$00
    .byte   #$00
    .byte   #$00
    .byte   #$00
    .byte   #$00
    .byte   #$00
    .byte   #$4A
    .byte   #$81
    .byte   #$11
    .byte   #$0F
    .byte   #$83
    .byte   #$0D
    .byte   #$08
    .byte   #$81
    .byte   #$0D
    .byte   #$0F
    .byte   #$12
    .byte   #$11
    .byte   #$83
    .byte   #$0F
    .byte   #$0D
    .byte   #$81
    .byte   #$0C
    .byte   #$0D
    .byte   #$83
    .byte   #$0F
    .byte   #$9B
    .byte   #$08
    .byte   #$4A
    .byte   #$8F
    .byte   #$0D
    .byte   #$06
    .byte   #$87
    .byte   #$08
    .byte   #$81
    .byte   #$08
    .byte   #$07
    .byte   #$08
    .byte   #$0D
    .byte   #$83
    .byte   #$0F
    .byte   #$0D
    .byte   #$0C
    .byte   #$08
    .byte   #$4A
    .byte   #$81
    .byte   #$14
    .byte   #$12
    .byte   #$83
    .byte   #$11
    .byte   #$87
    .byte   #$0D
    .byte   #$8F
    .byte   #$16
    .byte   #$9D
    .byte   #$14
    .byte   #$42
    .byte   #$80
    .byte   #$19
    .byte   #$19
    .byte   #$B9
    .byte   #$FE
    .byte   #$49
    .byte   #$81
    .byte   #$14
    .byte   #$80
    .byte   #$14
    .byte   #$81
    .byte   #$14
    .byte   #$14
    .byte   #$4B
    .byte   #$81
    .byte   #$0D
    .byte   #$80
    .byte   #$19
    .byte   #$14
    .byte   #$81
    .byte   #$0D
    .byte   #$80
    .byte   #$19
    .byte   #$14
    .byte   #$81
    .byte   #$06
    .byte   #$80
    .byte   #$12
    .byte   #$0D
    .byte   #$81
    .byte   #$06
    .byte   #$80
    .byte   #$12
    .byte   #$0D
    .byte   #$81
    .byte   #$08
    .byte   #$80
    .byte   #$14
    .byte   #$0F
    .byte   #$81
    .byte   #$08
    .byte   #$80
    .byte   #$14
    .byte   #$0F
    .byte   #$81
    .byte   #$08
    .byte   #$80
    .byte   #$14
    .byte   #$0F
    .byte   #$81
    .byte   #$08
    .byte   #$80
    .byte   #$14
    .byte   #$0F
    .byte   #$81
    .byte   #$0D
    .byte   #$80
    .byte   #$19
    .byte   #$14
    .byte   #$81
    .byte   #$0D
    .byte   #$80
    .byte   #$19
    .byte   #$14
    .byte   #$81
    .byte   #$06
    .byte   #$80
    .byte   #$12
    .byte   #$0D
    .byte   #$81
    .byte   #$06
    .byte   #$80
    .byte   #$12
    .byte   #$0D
    .byte   #$81
    .byte   #$08
    .byte   #$80
    .byte   #$14
    .byte   #$0F
    .byte   #$81
    .byte   #$08
    .byte   #$80
    .byte   #$14
    .byte   #$0F
    .byte   #$81
    .byte   #$08
    .byte   #$80
    .byte   #$14
    .byte   #$0F
    .byte   #$08
    .byte   #$0C
    .byte   #$0F
    .byte   #$14
    .byte   #$46
    .byte   #$80
    .byte   #$1D
    .byte   #$1B
    .byte   #$81
    .byte   #$19
    .byte   #$14
    .byte   #$80
    .byte   #$19
    .byte   #$1B
    .byte   #$1E
    .byte   #$1D
    .byte   #$81
    .byte   #$1B
    .byte   #$19
    .byte   #$80
    .byte   #$18
    .byte   #$19
    .byte   #$81
    .byte   #$1B
    .byte   #$8B
    .byte   #$14
    .byte   #$80
    .byte   #$19
    .byte   #$1B
    .byte   #$1D
    .byte   #$1B
    .byte   #$81
    .byte   #$19
    .byte   #$14
    .byte   #$80
    .byte   #$19
    .byte   #$1B
    .byte   #$12
    .byte   #$14
    .byte   #$81
    .byte   #$16
    .byte   #$19
    .byte   #$80
    .byte   #$18
    .byte   #$19
    .byte   #$8C
    .byte   #$1B
    .byte   #$48
    .byte   #$80
    .byte   #$14
    .byte   #$18
    .byte   #$1B
    .byte   #$47
    .byte   #$87
    .byte   #$19
    .byte   #$12
    .byte   #$85
    .byte   #$14
    .byte   #$49
    .byte   #$81
    .byte   #$14
    .byte   #$80
    .byte   #$14
    .byte   #$81
    .byte   #$14
    .byte   #$80
    .byte   #$14
    .byte   #$83
    .byte   #$14
    .byte   #$47
    .byte   #$87
    .byte   #$19
    .byte   #$12
    .byte   #$85
    .byte   #$14
    .byte   #$49
    .byte   #$81
    .byte   #$14
    .byte   #$80
    .byte   #$13
    .byte   #$81
    .byte   #$14
    .byte   #$80
    .byte   #$13
    .byte   #$81
    .byte   #$14
    .byte   #$14
    .byte   #$41
    .byte   #$83
    .byte   #$19
    .byte   #$42
    .byte   #$19
    .byte   #$41
    .byte   #$81
    .byte   #$19
    .byte   #$19
    .byte   #$42
    .byte   #$83
    .byte   #$19
    .byte   #$41
    .byte   #$19
    .byte   #$42
    .byte   #$19
    .byte   #$41
    .byte   #$81
    .byte   #$19
    .byte   #$19
    .byte   #$42
    .byte   #$83
    .byte   #$19
    .byte   #$19
    .byte   #$19
    .byte   #$41
    .byte   #$81
    .byte   #$19
    .byte   #$19
    .byte   #$42
    .byte   #$83
    .byte   #$19
    .byte   #$41
    .byte   #$19
    .byte   #$42
    .byte   #$19
    .byte   #$41
    .byte   #$81
    .byte   #$19
    .byte   #$19
    .byte   #$42
    .byte   #$83
    .byte   #$19
    .byte   #$4B
    .byte   #$81
    .byte   #$0D
    .byte   #$19
    .byte   #$0D
    .byte   #$19
    .byte   #$08
    .byte   #$14
    .byte   #$08
    .byte   #$14
    .byte   #$0A
    .byte   #$16
    .byte   #$0A
    .byte   #$16
    .byte   #$06
    .byte   #$12
    .byte   #$06
    .byte   #$12
    .byte   #$0D
    .byte   #$19
    .byte   #$0D
    .byte   #$19
    .byte   #$06
    .byte   #$12
    .byte   #$08
    .byte   #$14
    .byte   #$0D
    .byte   #$19
    .byte   #$0D
    .byte   #$19
    .byte   #$0D
    .byte   #$19
    .byte   #$0D
    .byte   #$19
    .byte   #$46
    .byte   #$80
    .byte   #$1D
    .byte   #$1B
    .byte   #$81
    .byte   #$19
    .byte   #$1D
    .byte   #$80
    .byte   #$1B
    .byte   #$1D
    .byte   #$81
    .byte   #$1B
    .byte   #$14
    .byte   #$20
    .byte   #$80
    .byte   #$14
    .byte   #$18
    .byte   #$81
    .byte   #$19
    .byte   #$16
    .byte   #$16
    .byte   #$19
    .byte   #$19
    .byte   #$16
    .byte   #$1E
    .byte   #$80
    .byte   #$19
    .byte   #$1B
    .byte   #$81
    .byte   #$1D
    .byte   #$19
    .byte   #$19
    .byte   #$80
    .byte   #$1B
    .byte   #$1D
    .byte   #$81
    .byte   #$1E
    .byte   #$1B
    .byte   #$19
    .byte   #$18
    .byte   #$19
    .byte   #$49
    .byte   #$11
    .byte   #$83
    .byte   #$11
    .byte   #$81
    .byte   #$11
    .byte   #$46
    .byte   #$14
    .byte   #$14
    .byte   #$12
    .byte   #$81
    .byte   #$FE
    .byte   #$48
    .byte   #$83
    .byte   #$19
    .byte   #$19
    .byte   #$14
    .byte   #$14
    .byte   #$16
    .byte   #$16
    .byte   #$12
    .byte   #$12
    .byte   #$14
    .byte   #$14
    .byte   #$12
    .byte   #$1B
    .byte   #$19
    .byte   #$19
    .byte   #$46
    .byte   #$81
    .byte   #$11
    .byte   #$11
    .byte   #$0F
    .byte   #$41
    .byte   #$83
    .byte   #$19
    .byte   #$42
    .byte   #$19
    .byte   #$41
    .byte   #$19
    .byte   #$42
    .byte   #$81
    .byte   #$19
    .byte   #$41
    .byte   #$19
    .byte   #$83
    .byte   #$19
    .byte   #$42
    .byte   #$82
    .byte   #$19
    .byte   #$41
    .byte   #$80
    .byte   #$19
    .byte   #$83
    .byte   #$19
    .byte   #$42
    .byte   #$81
    .byte   #$19
    .byte   #$41
    .byte   #$80
    .byte   #$19
    .byte   #$19
    .byte   #$83
    .byte   #$19
    .byte   #$42
    .byte   #$19
    .byte   #$41
    .byte   #$19
    .byte   #$42
    .byte   #$19
    .byte   #$41
    .byte   #$19
    .byte   #$42
    .byte   #$81
    .byte   #$19
    .byte   #$41
    .byte   #$80
    .byte   #$19
    .byte   #$19
    .byte   #$81
    .byte   #$19
    .byte   #$42
    .byte   #$82
    .byte   #$19
    .byte   #$80
    .byte   #$19
    .byte   #$19
    .byte   #$19
    .byte   #$4B
    .byte   #$81
    .byte   #$0D
    .byte   #$19
    .byte   #$0D
    .byte   #$19
    .byte   #$08
    .byte   #$14
    .byte   #$08
    .byte   #$14
    .byte   #$0A
    .byte   #$16
    .byte   #$0A
    .byte   #$16
    .byte   #$06
    .byte   #$12
    .byte   #$06
    .byte   #$12
    .byte   #$0D
    .byte   #$19
    .byte   #$0D
    .byte   #$19
    .byte   #$08
    .byte   #$14
    .byte   #$08
    .byte   #$14
    .byte   #$06
    .byte   #$12
    .byte   #$06
    .byte   #$12
    .byte   #$06
    .byte   #$12
    .byte   #$06
    .byte   #$12
    .byte   #$46
    .byte   #$81
    .byte   #$1D
    .byte   #$1D
    .byte   #$80
    .byte   #$1D
    .byte   #$1B
    .byte   #$81
    .byte   #$19
    .byte   #$1B
    .byte   #$80
    .byte   #$1B
    .byte   #$1D
    .byte   #$81
    .byte   #$1B
    .byte   #$14
    .byte   #$19
    .byte   #$16
    .byte   #$19
    .byte   #$19
    .byte   #$19
    .byte   #$16
    .byte   #$19
    .byte   #$1E
    .byte   #$14
    .byte   #$19
    .byte   #$19
    .byte   #$1D
    .byte   #$1E
    .byte   #$1D
    .byte   #$1B
    .byte   #$18
    .byte   #$8B
    .byte   #$19
    .byte   #$80
    .byte   #$19
    .byte   #$1B
    .byte   #$1D
    .byte   #$1E
    .byte   #$44
    .byte   #$81
    .byte   #$19
    .byte   #$14
    .byte   #$19
    .byte   #$14
    .byte   #$1B
    .byte   #$14
    .byte   #$1B
    .byte   #$14
    .byte   #$1D
    .byte   #$16
    .byte   #$1D
    .byte   #$16
    .byte   #$1E
    .byte   #$19
    .byte   #$1E
    .byte   #$19
    .byte   #$1D
    .byte   #$14
    .byte   #$19
    .byte   #$1D
    .byte   #$1B
    .byte   #$14
    .byte   #$18
    .byte   #$1B
    .byte   #$19
    .byte   #$12
    .byte   #$16
    .byte   #$19
    .byte   #$1E
    .byte   #$19
    .byte   #$46
    .byte   #$80
    .byte   #$1D
    .byte   #$1E
    .byte   #$20
    .byte   #$19
    .byte   #$41
    .byte   #$81
    .byte   #$19
    .byte   #$43
    .byte   #$18
    .byte   #$42
    .byte   #$19
    .byte   #$43
    .byte   #$18
    .byte   #$41
    .byte   #$19
    .byte   #$43
    .byte   #$18
    .byte   #$42
    .byte   #$19
    .byte   #$43
    .byte   #$18
    .byte   #$41
    .byte   #$19
    .byte   #$43
    .byte   #$18
    .byte   #$42
    .byte   #$19
    .byte   #$43
    .byte   #$18
    .byte   #$41
    .byte   #$19
    .byte   #$43
    .byte   #$18
    .byte   #$42
    .byte   #$19
    .byte   #$80
    .byte   #$19
    .byte   #$19
    .byte   #$41
    .byte   #$81
    .byte   #$19
    .byte   #$43
    .byte   #$18
    .byte   #$42
    .byte   #$19
    .byte   #$43
    .byte   #$18
    .byte   #$41
    .byte   #$19
    .byte   #$43
    .byte   #$18
    .byte   #$42
    .byte   #$19
    .byte   #$43
    .byte   #$80
    .byte   #$18
    .byte   #$18
    .byte   #$41
    .byte   #$81
    .byte   #$19
    .byte   #$43
    .byte   #$18
    .byte   #$42
    .byte   #$19
    .byte   #$43
    .byte   #$18
    .byte   #$41
    .byte   #$19
    .byte   #$43
    .byte   #$18
    .byte   #$42
    .byte   #$80
    .byte   #$19
    .byte   #$19
    .byte   #$16
    .byte   #$16
    .byte   #$4B
    .byte   #$81
    .byte   #$0D
    .byte   #$19
    .byte   #$0D
    .byte   #$19
    .byte   #$08
    .byte   #$14
    .byte   #$08
    .byte   #$14
    .byte   #$0A
    .byte   #$16
    .byte   #$0A
    .byte   #$16
    .byte   #$06
    .byte   #$12
    .byte   #$06
    .byte   #$12
    .byte   #$0D
    .byte   #$19
    .byte   #$0D
    .byte   #$19
    .byte   #$08
    .byte   #$14
    .byte   #$08
    .byte   #$14
    .byte   #$0A
    .byte   #$16
    .byte   #$0A
    .byte   #$16
    .byte   #$0A
    .byte   #$16
    .byte   #$08
    .byte   #$14
    .byte   #$46
    .byte   #$82
    .byte   #$11
    .byte   #$80
    .byte   #$11
    .byte   #$81
    .byte   #$0F
    .byte   #$0D
    .byte   #$82
    .byte   #$0F
    .byte   #$80
    .byte   #$14
    .byte   #$81
    .byte   #$0F
    .byte   #$80
    .byte   #$0D
    .byte   #$0F
    .byte   #$82
    .byte   #$11
    .byte   #$80
    .byte   #$11
    .byte   #$81
    .byte   #$0F
    .byte   #$0D
    .byte   #$12
    .byte   #$0D
    .byte   #$12
    .byte   #$16
    .byte   #$82
    .byte   #$14
    .byte   #$80
    .byte   #$11
    .byte   #$81
    .byte   #$0F
    .byte   #$11
    .byte   #$82
    .byte   #$0F
    .byte   #$80
    .byte   #$0C
    .byte   #$81
    .byte   #$08
    .byte   #$0C
    .byte   #$0A
    .byte   #$0D
    .byte   #$11
    .byte   #$16
    .byte   #$80
    .byte   #$11
    .byte   #$0D
    .byte   #$0A
    .byte   #$0D
    .byte   #$0F
    .byte   #$14
    .byte   #$0F
    .byte   #$0C
    .byte   #$4A
    .byte   #$87
    .byte   #$11
    .byte   #$0F
    .byte   #$0D
    .byte   #$12
    .byte   #$11
    .byte   #$0F
    .byte   #$8B
    .byte   #$0A
    .byte   #$83
    .byte   #$0C
    .byte   #$41
    .byte   #$81
    .byte   #$19
    .byte   #$80
    .byte   #$19
    .byte   #$19
    .byte   #$42
    .byte   #$82
    .byte   #$19
    .byte   #$41
    .byte   #$80
    .byte   #$19
    .byte   #$81
    .byte   #$19
    .byte   #$80
    .byte   #$19
    .byte   #$19
    .byte   #$42
    .byte   #$82
    .byte   #$19
    .byte   #$41
    .byte   #$80
    .byte   #$19
    .byte   #$81
    .byte   #$19
    .byte   #$80
    .byte   #$19
    .byte   #$19
    .byte   #$42
    .byte   #$82
    .byte   #$19
    .byte   #$41
    .byte   #$80
    .byte   #$19
    .byte   #$81
    .byte   #$19
    .byte   #$80
    .byte   #$19
    .byte   #$19
    .byte   #$42
    .byte   #$82
    .byte   #$19
    .byte   #$41
    .byte   #$80
    .byte   #$19
    .byte   #$81
    .byte   #$19
    .byte   #$80
    .byte   #$19
    .byte   #$19
    .byte   #$42
    .byte   #$82
    .byte   #$19
    .byte   #$41
    .byte   #$80
    .byte   #$19
    .byte   #$81
    .byte   #$19
    .byte   #$80
    .byte   #$19
    .byte   #$19
    .byte   #$42
    .byte   #$82
    .byte   #$19
    .byte   #$41
    .byte   #$80
    .byte   #$19
    .byte   #$81
    .byte   #$19
    .byte   #$80
    .byte   #$19
    .byte   #$19
    .byte   #$42
    .byte   #$82
    .byte   #$19
    .byte   #$41
    .byte   #$80
    .byte   #$19
    .byte   #$81
    .byte   #$19
    .byte   #$80
    .byte   #$19
    .byte   #$19
    .byte   #$42
    .byte   #$81
    .byte   #$19
    .byte   #$80
    .byte   #$19
    .byte   #$19
    .byte   #$4B
    .byte   #$81
    .byte   #$0D
    .byte   #$19
    .byte   #$0D
    .byte   #$19
    .byte   #$08
    .byte   #$14
    .byte   #$08
    .byte   #$14
    .byte   #$0A
    .byte   #$16
    .byte   #$0A
    .byte   #$16
    .byte   #$06
    .byte   #$12
    .byte   #$06
    .byte   #$12
    .byte   #$0D
    .byte   #$19
    .byte   #$0D
    .byte   #$19
    .byte   #$08
    .byte   #$14
    .byte   #$08
    .byte   #$14
    .byte   #$06
    .byte   #$12
    .byte   #$06
    .byte   #$12
    .byte   #$08
    .byte   #$14
    .byte   #$08
    .byte   #$14
    .byte   #$4A
    .byte   #$87
    .byte   #$1D
    .byte   #$1B
    .byte   #$85
    .byte   #$19
    .byte   #$81
    .byte   #$18
    .byte   #$85
    .byte   #$16
    .byte   #$81
    .byte   #$16
    .byte   #$87
    .byte   #$19
    .byte   #$1B
    .byte   #$16
    .byte   #$14
    .byte   #$48
    .byte   #$81
    .byte   #$1D
    .byte   #$1D
    .byte   #$80
    .byte   #$1D
    .byte   #$1B
    .byte   #$81
    .byte   #$19
    .byte   #$1B
    .byte   #$14
    .byte   #$14
    .byte   #$80
    .byte   #$16
    .byte   #$18
    .byte   #$81
    .byte   #$19
    .byte   #$16
    .byte   #$16
    .byte   #$19
    .byte   #$19
    .byte   #$16
    .byte   #$1E
    .byte   #$80
    .byte   #$1D
    .byte   #$1B
    .byte   #$81
    .byte   #$1D
    .byte   #$19
    .byte   #$19
    .byte   #$1D
    .byte   #$1B
    .byte   #$18
    .byte   #$1B
    .byte   #$20
    .byte   #$1E
    .byte   #$19
    .byte   #$1E
    .byte   #$22
    .byte   #$80
    .byte   #$20
    .byte   #$1E
    .byte   #$81
    .byte   #$1B
    .byte   #$80
    .byte   #$18
    .byte   #$16
    .byte   #$81
    .byte   #$14
    .byte   #$41
    .byte   #$81
    .byte   #$19
    .byte   #$44
    .byte   #$83
    .byte   #$19
    .byte   #$81
    .byte   #$19
    .byte   #$41
    .byte   #$19
    .byte   #$44
    .byte   #$83
    .byte   #$14
    .byte   #$81
    .byte   #$14
    .byte   #$41
    .byte   #$19
    .byte   #$44
    .byte   #$83
    .byte   #$16
    .byte   #$81
    .byte   #$16
    .byte   #$41
    .byte   #$19
    .byte   #$44
    .byte   #$83
    .byte   #$12
    .byte   #$81
    .byte   #$12
    .byte   #$41
    .byte   #$19
    .byte   #$44
    .byte   #$83
    .byte   #$19
    .byte   #$81
    .byte   #$19
    .byte   #$41
    .byte   #$19
    .byte   #$44
    .byte   #$83
    .byte   #$1B
    .byte   #$81
    .byte   #$1B
    .byte   #$41
    .byte   #$19
    .byte   #$44
    .byte   #$83
    .byte   #$12
    .byte   #$81
    .byte   #$16
    .byte   #$41
    .byte   #$19
    .byte   #$44
    .byte   #$14
    .byte   #$80
    .byte   #$14
    .byte   #$18
    .byte   #$1B
    .byte   #$1E
    .byte   #$4B
    .byte   #$81
    .byte   #$0D
    .byte   #$19
    .byte   #$0D
    .byte   #$19
    .byte   #$08
    .byte   #$14
    .byte   #$08
    .byte   #$14
    .byte   #$0A
    .byte   #$16
    .byte   #$0A
    .byte   #$16
    .byte   #$06
    .byte   #$12
    .byte   #$08
    .byte   #$14
    .byte   #$0D
    .byte   #$19
    .byte   #$0D
    .byte   #$19
    .byte   #$08
    .byte   #$14
    .byte   #$08
    .byte   #$14
    .byte   #$06
    .byte   #$12
    .byte   #$06
    .byte   #$12
    .byte   #$08
    .byte   #$14
    .byte   #$08
    .byte   #$14
    .byte   #$46
    .byte   #$81
    .byte   #$11
    .byte   #$11
    .byte   #$80
    .byte   #$11
    .byte   #$0F
    .byte   #$81
    .byte   #$0D
    .byte   #$0F
    .byte   #$80
    .byte   #$0F
    .byte   #$11
    .byte   #$81
    .byte   #$0F
    .byte   #$14
    .byte   #$11
    .byte   #$11
    .byte   #$80
    .byte   #$11
    .byte   #$0F
    .byte   #$81
    .byte   #$0D
    .byte   #$12
    .byte   #$12
    .byte   #$14
    .byte   #$08
    .byte   #$11
    .byte   #$11
    .byte   #$80
    .byte   #$11
    .byte   #$0F
    .byte   #$81
    .byte   #$0D
    .byte   #$0F
    .byte   #$14
    .byte   #$0F
    .byte   #$11
    .byte   #$80
    .byte   #$12
    .byte   #$06
    .byte   #$11
    .byte   #$06
    .byte   #$0F
    .byte   #$06
    .byte   #$0D
    .byte   #$06
    .byte   #$0C
    .byte   #$08
    .byte   #$0D
    .byte   #$08
    .byte   #$0F
    .byte   #$08
    .byte   #$0C
    .byte   #$08
    .byte   #$44
    .byte   #$80
    .byte   #$1D
    .byte   #$19
    .byte   #$14
    .byte   #$19
    .byte   #$1D
    .byte   #$19
    .byte   #$14
    .byte   #$19
    .byte   #$1B
    .byte   #$18
    .byte   #$14
    .byte   #$18
    .byte   #$1B
    .byte   #$18
    .byte   #$14
    .byte   #$18
    .byte   #$1D
    .byte   #$19
    .byte   #$16
    .byte   #$19
    .byte   #$1D
    .byte   #$19
    .byte   #$16
    .byte   #$19
    .byte   #$1E
    .byte   #$19
    .byte   #$16
    .byte   #$19
    .byte   #$1B
    .byte   #$18
    .byte   #$14
    .byte   #$18
    .byte   #$20
    .byte   #$1D
    .byte   #$19
    .byte   #$1D
    .byte   #$20
    .byte   #$1D
    .byte   #$19
    .byte   #$1D
    .byte   #$20
    .byte   #$1B
    .byte   #$18
    .byte   #$1B
    .byte   #$20
    .byte   #$1B
    .byte   #$18
    .byte   #$1B
    .byte   #$1E
    .byte   #$19
    .byte   #$16
    .byte   #$19
    .byte   #$1E
    .byte   #$19
    .byte   #$16
    .byte   #$19
    .byte   #$1B
    .byte   #$18
    .byte   #$14
    .byte   #$18
    .byte   #$1B
    .byte   #$18
    .byte   #$14
    .byte   #$18
    .byte   #$41
    .byte   #$83
    .byte   #$19
    .byte   #$42
    .byte   #$19
    .byte   #$41
    .byte   #$19
    .byte   #$42
    .byte   #$19
    .byte   #$41
    .byte   #$19
    .byte   #$42
    .byte   #$19
    .byte   #$41
    .byte   #$19
    .byte   #$42
    .byte   #$19
    .byte   #$41
    .byte   #$19
    .byte   #$42
    .byte   #$19
    .byte   #$41
    .byte   #$19
    .byte   #$42
    .byte   #$19
    .byte   #$41
    .byte   #$19
    .byte   #$42
    .byte   #$82
    .byte   #$19
    .byte   #$80
    .byte   #$19
    .byte   #$41
    .byte   #$19
    .byte   #$42
    .byte   #$82
    .byte   #$19
    .byte   #$80
    .byte   #$19
    .byte   #$19
    .byte   #$19
    .byte   #$19
    .byte   #$4B
    .byte   #$81
    .byte   #$0A
    .byte   #$16
    .byte   #$0A
    .byte   #$16
    .byte   #$08
    .byte   #$14
    .byte   #$08
    .byte   #$14
    .byte   #$06
    .byte   #$12
    .byte   #$06
    .byte   #$12
    .byte   #$08
    .byte   #$14
    .byte   #$08
    .byte   #$14
    .byte   #$0A
    .byte   #$16
    .byte   #$0A
    .byte   #$16
    .byte   #$08
    .byte   #$14
    .byte   #$08
    .byte   #$14
    .byte   #$06
    .byte   #$12
    .byte   #$06
    .byte   #$12
    .byte   #$05
    .byte   #$11
    .byte   #$05
    .byte   #$11
    .byte   #$48
    .byte   #$81
    .byte   #$16
    .byte   #$11
    .byte   #$80
    .byte   #$16
    .byte   #$1D
    .byte   #$1B
    .byte   #$19
    .byte   #$81
    .byte   #$18
    .byte   #$19
    .byte   #$1B
    .byte   #$14
    .byte   #$19
    .byte   #$1E
    .byte   #$20
    .byte   #$22
    .byte   #$20
    .byte   #$1B
    .byte   #$80
    .byte   #$18
    .byte   #$18
    .byte   #$81
    .byte   #$14
    .byte   #$0A
    .byte   #$16
    .byte   #$0A
    .byte   #$16
    .byte   #$08
    .byte   #$14
    .byte   #$08
    .byte   #$14
    .byte   #$0D
    .byte   #$19
    .byte   #$06
    .byte   #$12
    .byte   #$05
    .byte   #$11
    .byte   #$09
    .byte   #$15
    .byte   #$47
    .byte   #$83
    .byte   #$16
    .byte   #$11
    .byte   #$18
    .byte   #$14
    .byte   #$19
    .byte   #$16
    .byte   #$18
    .byte   #$85
    .byte   #$14
    .byte   #$48
    .byte   #$83
    .byte   #$19
    .byte   #$19
    .byte   #$18
    .byte   #$18
    .byte   #$16
    .byte   #$16
    .byte   #$15
    .byte   #$81
    .byte   #$18
    .byte   #$41
    .byte   #$81
    .byte   #$19
    .byte   #$43
    .byte   #$18
    .byte   #$42
    .byte   #$19
    .byte   #$43
    .byte   #$18
    .byte   #$41
    .byte   #$19
    .byte   #$43
    .byte   #$18
    .byte   #$42
    .byte   #$19
    .byte   #$43
    .byte   #$18
    .byte   #$41
    .byte   #$19
    .byte   #$43
    .byte   #$18
    .byte   #$42
    .byte   #$19
    .byte   #$43
    .byte   #$18
    .byte   #$41
    .byte   #$80
    .byte   #$19
    .byte   #$42
    .byte   #$19
    .byte   #$43
    .byte   #$81
    .byte   #$18
    .byte   #$42
    .byte   #$19
    .byte   #$80
    .byte   #$19
    .byte   #$19
    .byte   #$41
    .byte   #$19
    .byte   #$42
    .byte   #$19
    .byte   #$43
    .byte   #$81
    .byte   #$18
    .byte   #$42
    .byte   #$19
    .byte   #$43
    .byte   #$18
    .byte   #$41
    .byte   #$19
    .byte   #$43
    .byte   #$18
    .byte   #$42
    .byte   #$19
    .byte   #$43
    .byte   #$18
    .byte   #$41
    .byte   #$19
    .byte   #$43
    .byte   #$18
    .byte   #$42
    .byte   #$19
    .byte   #$43
    .byte   #$80
    .byte   #$18
    .byte   #$42
    .byte   #$19
    .byte   #$41
    .byte   #$81
    .byte   #$19
    .byte   #$42
    .byte   #$80
    .byte   #$19
    .byte   #$43
    .byte   #$18
    .byte   #$42
    .byte   #$19
    .byte   #$19
    .byte   #$19
    .byte   #$19
    .byte   #$4B
    .byte   #$81
    .byte   #$0D
    .byte   #$19
    .byte   #$0D
    .byte   #$19
    .byte   #$08
    .byte   #$14
    .byte   #$08
    .byte   #$14
    .byte   #$0A
    .byte   #$16
    .byte   #$0A
    .byte   #$16
    .byte   #$06
    .byte   #$12
    .byte   #$08
    .byte   #$14
    .byte   #$0D
    .byte   #$19
    .byte   #$0D
    .byte   #$19
    .byte   #$08
    .byte   #$14
    .byte   #$08
    .byte   #$14
    .byte   #$0A
    .byte   #$16
    .byte   #$0A
    .byte   #$16
    .byte   #$06
    .byte   #$12
    .byte   #$08
    .byte   #$14
    .byte   #$44
    .byte   #$81
    .byte   #$1D
    .byte   #$1D
    .byte   #$80
    .byte   #$1D
    .byte   #$1B
    .byte   #$81
    .byte   #$19
    .byte   #$1B
    .byte   #$1D
    .byte   #$1B
    .byte   #$80
    .byte   #$19
    .byte   #$1B
    .byte   #$81
    .byte   #$1D
    .byte   #$1D
    .byte   #$80
    .byte   #$1D
    .byte   #$1B
    .byte   #$81
    .byte   #$19
    .byte   #$1E
    .byte   #$1E
    .byte   #$1B
    .byte   #$14
    .byte   #$1D
    .byte   #$1D
    .byte   #$80
    .byte   #$1D
    .byte   #$1B
    .byte   #$81
    .byte   #$19
    .byte   #$80
    .byte   #$1B
    .byte   #$1D
    .byte   #$1B
    .byte   #$19
    .byte   #$81
    .byte   #$1B
    .byte   #$80
    .byte   #$19
    .byte   #$1B
    .byte   #$81
    .byte   #$1D
    .byte   #$1D
    .byte   #$1E
    .byte   #$20
    .byte   #$20
    .byte   #$80
    .byte   #$1E
    .byte   #$1D
    .byte   #$81
    .byte   #$1B
    .byte   #$14
    .byte   #$4A
    .byte   #$87
    .byte   #$11
    .byte   #$0F
    .byte   #$0D
    .byte   #$85
    .byte   #$0A
    .byte   #$81
    .byte   #$0C
    .byte   #$87
    .byte   #$11
    .byte   #$0F
    .byte   #$0D
    .byte   #$83
    .byte   #$12
    .byte   #$0F
    .byte   #$41
    .byte   #$81
    .byte   #$19
    .byte   #$43
    .byte   #$80
    .byte   #$18
    .byte   #$18
    .byte   #$42
    .byte   #$81
    .byte   #$19
    .byte   #$43
    .byte   #$80
    .byte   #$18
    .byte   #$18
    .byte   #$41
    .byte   #$81
    .byte   #$19
    .byte   #$43
    .byte   #$80
    .byte   #$18
    .byte   #$18
    .byte   #$42
    .byte   #$81
    .byte   #$19
    .byte   #$43
    .byte   #$80
    .byte   #$18
    .byte   #$18
    .byte   #$41
    .byte   #$81
    .byte   #$19
    .byte   #$43
    .byte   #$80
    .byte   #$18
    .byte   #$18
    .byte   #$42
    .byte   #$81
    .byte   #$19
    .byte   #$43
    .byte   #$80
    .byte   #$18
    .byte   #$18
    .byte   #$41
    .byte   #$81
    .byte   #$19
    .byte   #$43
    .byte   #$80
    .byte   #$18
    .byte   #$18
    .byte   #$42
    .byte   #$81
    .byte   #$19
    .byte   #$43
    .byte   #$80
    .byte   #$18
    .byte   #$18
    .byte   #$41
    .byte   #$81
    .byte   #$19
    .byte   #$43
    .byte   #$80
    .byte   #$18
    .byte   #$18
    .byte   #$42
    .byte   #$81
    .byte   #$19
    .byte   #$43
    .byte   #$80
    .byte   #$18
    .byte   #$18
    .byte   #$41
    .byte   #$81
    .byte   #$19
    .byte   #$43
    .byte   #$80
    .byte   #$18
    .byte   #$18
    .byte   #$42
    .byte   #$81
    .byte   #$19
    .byte   #$43
    .byte   #$80
    .byte   #$18
    .byte   #$18
    .byte   #$41
    .byte   #$81
    .byte   #$19
    .byte   #$43
    .byte   #$80
    .byte   #$18
    .byte   #$18
    .byte   #$42
    .byte   #$81
    .byte   #$19
    .byte   #$43
    .byte   #$80
    .byte   #$18
    .byte   #$18
    .byte   #$41
    .byte   #$81
    .byte   #$19
    .byte   #$43
    .byte   #$80
    .byte   #$18
    .byte   #$18
    .byte   #$42
    .byte   #$81
    .byte   #$19
    .byte   #$80
    .byte   #$19
    .byte   #$19
    .byte   #$4B
    .byte   #$81
    .byte   #$06
    .byte   #$12
    .byte   #$06
    .byte   #$12
    .byte   #$08
    .byte   #$14
    .byte   #$08
    .byte   #$14
    .byte   #$0A
    .byte   #$16
    .byte   #$0A
    .byte   #$16
    .byte   #$0A
    .byte   #$16
    .byte   #$08
    .byte   #$14
    .byte   #$06
    .byte   #$12
    .byte   #$06
    .byte   #$12
    .byte   #$08
    .byte   #$14
    .byte   #$08
    .byte   #$14
    .byte   #$0A
    .byte   #$16
    .byte   #$0A
    .byte   #$16
    .byte   #$0A
    .byte   #$16
    .byte   #$08
    .byte   #$14
    .byte   #$49
    .byte   #$81
    .byte   #$16
    .byte   #$12
    .byte   #$16
    .byte   #$80
    .byte   #$18
    .byte   #$19
    .byte   #$81
    .byte   #$18
    .byte   #$16
    .byte   #$14
    .byte   #$1B
    .byte   #$19
    .byte   #$18
    .byte   #$16
    .byte   #$80
    .byte   #$18
    .byte   #$81
    .byte   #$19
    .byte   #$80
    .byte   #$19
    .byte   #$81
    .byte   #$14
    .byte   #$16
    .byte   #$19
    .byte   #$19
    .byte   #$16
    .byte   #$12
    .byte   #$80
    .byte   #$11
    .byte   #$0F
    .byte   #$81
    .byte   #$14
    .byte   #$08
    .byte   #$80
    .byte   #$0C
    .byte   #$0D
    .byte   #$0F
    .byte   #$12
    .byte   #$83
    .byte   #$11
    .byte   #$0D
    .byte   #$0A
    .byte   #$80
    .byte   #$08
    .byte   #$0A
    .byte   #$0C
    .byte   #$0F
    .byte   #$81
    .byte   #$FE
    .byte   #$48
    .byte   #$82
    .byte   #$16
    .byte   #$81
    .byte   #$16
    .byte   #$82
    .byte   #$16
    .byte   #$14
    .byte   #$81
    .byte   #$14
    .byte   #$82
    .byte   #$14
    .byte   #$16
    .byte   #$81
    .byte   #$16
    .byte   #$82
    .byte   #$16
    .byte   #$16
    .byte   #$81
    .byte   #$14
    .byte   #$82
    .byte   #$14
    .byte   #$12
    .byte   #$81
    .byte   #$12
    .byte   #$82
    .byte   #$16
    .byte   #$14
    .byte   #$81
    .byte   #$14
    .byte   #$82
    .byte   #$14
    .byte   #$16
    .byte   #$81
    .byte   #$16
    .byte   #$11
    .byte   #$16
    .byte   #$80
    .byte   #$16
    .byte   #$14
    .byte   #$16
    .byte   #$18
    .byte   #$1B
    .byte   #$41
    .byte   #$80
    .byte   #$19
    .byte   #$43
    .byte   #$18
    .byte   #$18
    .byte   #$18
    .byte   #$42
    .byte   #$19
    .byte   #$43
    .byte   #$18
    .byte   #$18
    .byte   #$18
    .byte   #$41
    .byte   #$19
    .byte   #$43
    .byte   #$18
    .byte   #$18
    .byte   #$18
    .byte   #$42
    .byte   #$19
    .byte   #$43
    .byte   #$18
    .byte   #$18
    .byte   #$18
    .byte   #$41
    .byte   #$19
    .byte   #$43
    .byte   #$18
    .byte   #$18
    .byte   #$18
    .byte   #$42
    .byte   #$19
    .byte   #$43
    .byte   #$18
    .byte   #$18
    .byte   #$18
    .byte   #$41
    .byte   #$19
    .byte   #$42
    .byte   #$19
    .byte   #$43
    .byte   #$18
    .byte   #$18
    .byte   #$42
    .byte   #$19
    .byte   #$43
    .byte   #$18
    .byte   #$42
    .byte   #$19
    .byte   #$19
    .byte   #$41
    .byte   #$19
    .byte   #$43
    .byte   #$18
    .byte   #$18
    .byte   #$18
    .byte   #$42
    .byte   #$19
    .byte   #$43
    .byte   #$18
    .byte   #$18
    .byte   #$18
    .byte   #$41
    .byte   #$19
    .byte   #$43
    .byte   #$18
    .byte   #$18
    .byte   #$18
    .byte   #$42
    .byte   #$19
    .byte   #$43
    .byte   #$18
    .byte   #$18
    .byte   #$42
    .byte   #$19
    .byte   #$41
    .byte   #$19
    .byte   #$43
    .byte   #$18
    .byte   #$18
    .byte   #$18
    .byte   #$42
    .byte   #$19
    .byte   #$43
    .byte   #$18
    .byte   #$18
    .byte   #$42
    .byte   #$19
    .byte   #$41
    .byte   #$19
    .byte   #$43
    .byte   #$18
    .byte   #$18
    .byte   #$18
    .byte   #$42
    .byte   #$19
    .byte   #$19
    .byte   #$19
    .byte   #$19
    .byte   #$4B
    .byte   #$81
    .byte   #$06
    .byte   #$12
    .byte   #$06
    .byte   #$12
    .byte   #$08
    .byte   #$14
    .byte   #$08
    .byte   #$14
    .byte   #$0A
    .byte   #$16
    .byte   #$0A
    .byte   #$16
    .byte   #$0A
    .byte   #$16
    .byte   #$0A
    .byte   #$14
    .byte   #$06
    .byte   #$12
    .byte   #$06
    .byte   #$12
    .byte   #$08
    .byte   #$14
    .byte   #$08
    .byte   #$14
    .byte   #$0A
    .byte   #$16
    .byte   #$0A
    .byte   #$16
    .byte   #$0A
    .byte   #$16
    .byte   #$08
    .byte   #$14
    .byte   #$49
    .byte   #$81
    .byte   #$16
    .byte   #$12
    .byte   #$16
    .byte   #$80
    .byte   #$18
    .byte   #$19
    .byte   #$81
    .byte   #$18
    .byte   #$16
    .byte   #$14
    .byte   #$0F
    .byte   #$16
    .byte   #$11
    .byte   #$0D
    .byte   #$80
    .byte   #$11
    .byte   #$82
    .byte   #$16
    .byte   #$81
    .byte   #$16
    .byte   #$16
    .byte   #$14
    .byte   #$12
    .byte   #$0D
    .byte   #$12
    .byte   #$16
    .byte   #$14
    .byte   #$0F
    .byte   #$0C
    .byte   #$80
    .byte   #$08
    .byte   #$82
    .byte   #$0A
    .byte   #$81
    .byte   #$16
    .byte   #$80
    .byte   #$16
    .byte   #$81
    .byte   #$16
    .byte   #$80
    .byte   #$14
    .byte   #$81
    .byte   #$16
    .byte   #$80
    .byte   #$16
    .byte   #$81
    .byte   #$14
    .byte   #$80
    .byte   #$14
    .byte   #$14
    .byte   #$14
    .byte   #$48
    .byte   #$82
    .byte   #$12
    .byte   #$12
    .byte   #$81
    .byte   #$12
    .byte   #$82
    .byte   #$0F
    .byte   #$0F
    .byte   #$81
    .byte   #$0F
    .byte   #$82
    .byte   #$11
    .byte   #$11
    .byte   #$81
    .byte   #$11
    .byte   #$82
    .byte   #$0D
    .byte   #$0D
    .byte   #$81
    .byte   #$0C
    .byte   #$82
    .byte   #$12
    .byte   #$12
    .byte   #$81
    .byte   #$0D
    .byte   #$82
    .byte   #$0F
    .byte   #$0F
    .byte   #$81
    .byte   #$08
    .byte   #$82
    .byte   #$0A
    .byte   #$0A
    .byte   #$81
    .byte   #$0A
    .byte   #$82
    .byte   #$0A
    .byte   #$0A
    .byte   #$80
    .byte   #$0F
    .byte   #$14
    .byte   #$41
    .byte   #$80
    .byte   #$19
    .byte   #$43
    .byte   #$18
    .byte   #$18
    .byte   #$18
    .byte   #$42
    .byte   #$18
    .byte   #$43
    .byte   #$18
    .byte   #$18
    .byte   #$18
    .byte   #$41
    .byte   #$19
    .byte   #$43
    .byte   #$18
    .byte   #$18
    .byte   #$18
    .byte   #$42
    .byte   #$18
    .byte   #$18
    .byte   #$43
    .byte   #$18
    .byte   #$18
    .byte   #$41
    .byte   #$19
    .byte   #$42
    .byte   #$18
    .byte   #$43
    .byte   #$18
    .byte   #$18
    .byte   #$42
    .byte   #$18
    .byte   #$43
    .byte   #$18
    .byte   #$18
    .byte   #$18
    .byte   #$41
    .byte   #$19
    .byte   #$43
    .byte   #$18
    .byte   #$18
    .byte   #$18
    .byte   #$42
    .byte   #$18
    .byte   #$18
    .byte   #$43
    .byte   #$18
    .byte   #$42
    .byte   #$18
    .byte   #$41
    .byte   #$19
    .byte   #$43
    .byte   #$18
    .byte   #$18
    .byte   #$18
    .byte   #$42
    .byte   #$18
    .byte   #$43
    .byte   #$18
    .byte   #$18
    .byte   #$18
    .byte   #$41
    .byte   #$19
    .byte   #$43
    .byte   #$18
    .byte   #$18
    .byte   #$18
    .byte   #$42
    .byte   #$18
    .byte   #$18
    .byte   #$43
    .byte   #$18
    .byte   #$18
    .byte   #$41
    .byte   #$19
    .byte   #$43
    .byte   #$18
    .byte   #$18
    .byte   #$18
    .byte   #$42
    .byte   #$18
    .byte   #$43
    .byte   #$18
    .byte   #$18
    .byte   #$18
    .byte   #$41
    .byte   #$19
    .byte   #$43
    .byte   #$18
    .byte   #$42
    .byte   #$18
    .byte   #$43
    .byte   #$18
    .byte   #$42
    .byte   #$18
    .byte   #$18
    .byte   #$18
    .byte   #$18
;  }
; section player
player
;    address [ADR_PLA]
;    binary "data/mpt_player.bin"
    .byte   #$4C
    .byte   #$A6
    .byte   #$B3
    .byte   #$A9
    .byte   #$00
    .byte   #$8D
    .byte   #$25
    .byte   #$B6
    .byte   #$EE
    .byte   #$28
    .byte   #$B6
    .byte   #$AD
    .byte   #$29
    .byte   #$B6
    .byte   #$CD
    .byte   #$FB
    .byte   #$B5
    .byte   #$90
    .byte   #$5A
    .byte   #$CE
    .byte   #$24
    .byte   #$B6
    .byte   #$F0
    .byte   #$03
    .byte   #$4C
    .byte   #$8A
    .byte   #$B0
    .byte   #$A2
    .byte   #$00
    .byte   #$BD
    .byte   #$BB
    .byte   #$B5
    .byte   #$C9
    .byte   #$03
    .byte   #$90
    .byte   #$2B
    .byte   #$BD
    .byte   #$F3
    .byte   #$B5
    .byte   #$85
    .byte   #$1C
    .byte   #$BD
    .byte   #$F7
    .byte   #$B5
    .byte   #$85
    .byte   #$1D
    .byte   #$AC
    .byte   #$23
    .byte   #$B6
    .byte   #$C8
    .byte   #$B1
    .byte   #$1C
    .byte   #$9D
    .byte   #$0D
    .byte   #$B6
    .byte   #$88
    .byte   #$B1
    .byte   #$1C
    .byte   #$C9
    .byte   #$FF
    .byte   #$D0
    .byte   #$0B
    .byte   #$BD
    .byte   #$0D
    .byte   #$B6
    .byte   #$0A
    .byte   #$8D
    .byte   #$23
    .byte   #$B6
    .byte   #$A8
    .byte   #$4C
    .byte   #$31
    .byte   #$B0
    .byte   #$29
    .byte   #$3F
    .byte   #$0A
    .byte   #$9D
    .byte   #$19
    .byte   #$B6
    .byte   #$E8
    .byte   #$E0
    .byte   #$04
    .byte   #$D0
    .byte   #$C9
    .byte   #$EE
    .byte   #$23
    .byte   #$B6
    .byte   #$EE
    .byte   #$23
    .byte   #$B6
    .byte   #$EE
    .byte   #$24
    .byte   #$B6
    .byte   #$A9
    .byte   #$00
    .byte   #$8D
    .byte   #$29
    .byte   #$B6
    .byte   #$A2
    .byte   #$03
    .byte   #$9D
    .byte   #$DB
    .byte   #$B5
    .byte   #$9D
    .byte   #$11
    .byte   #$B6
    .byte   #$CA
    .byte   #$10
    .byte   #$F7
    .byte   #$CE
    .byte   #$24
    .byte   #$B6
    .byte   #$10
    .byte   #$18
    .byte   #$AD
    .byte   #$FC
    .byte   #$B5
    .byte   #$8D
    .byte   #$24
    .byte   #$B6
    .byte   #$A2
    .byte   #$03
    .byte   #$BD
    .byte   #$BB
    .byte   #$B5
    .byte   #$C9
    .byte   #$02
    .byte   #$90
    .byte   #$03
    .byte   #$20
    .byte   #$8A
    .byte   #$B1
    .byte   #$CA
    .byte   #$10
    .byte   #$F3
    .byte   #$EE
    .byte   #$29
    .byte   #$B6
    .byte   #$A2
    .byte   #$03
    .byte   #$EC
    .byte   #$2B
    .byte   #$B6
    .byte   #$F0
    .byte   #$24
    .byte   #$BD
    .byte   #$BB
    .byte   #$B5
    .byte   #$C9
    .byte   #$01
    .byte   #$90
    .byte   #$03
    .byte   #$20
    .byte   #$FA
    .byte   #$B0
    .byte   #$BD
    .byte   #$C7
    .byte   #$B5
    .byte   #$3D
    .byte   #$32
    .byte   #$B6
    .byte   #$F0
    .byte   #$12
    .byte   #$A0
    .byte   #$28
    .byte   #$B1
    .byte   #$1C
    .byte   #$18
    .byte   #$7D
    .byte   #$B7
    .byte   #$B5
    .byte   #$20
    .byte   #$3F
    .byte   #$B3
    .byte   #$38
    .byte   #$7D
    .byte   #$1D
    .byte   #$B6
    .byte   #$9D
    .byte   #$B5
    .byte   #$B5
    .byte   #$CA
    .byte   #$10
    .byte   #$D4
    .byte   #$AD
    .byte   #$C8
    .byte   #$B5
    .byte   #$29
    .byte   #$10
    .byte   #$F0
    .byte   #$14
    .byte   #$A9
    .byte   #$00
    .byte   #$8D
    .byte   #$B3
    .byte   #$B5
    .byte   #$AC
    .byte   #$B8
    .byte   #$B5
    .byte   #$B9
    .byte   #$36
    .byte   #$B6
    .byte   #$8D
    .byte   #$B3
    .byte   #$B5
    .byte   #$B9
    .byte   #$76
    .byte   #$B6
    .byte   #$8D
    .byte   #$B4
    .byte   #$B5
    .byte   #$A0
    .byte   #$03
    .byte   #$A2
    .byte   #$06
    .byte   #$B9
    .byte   #$B3
    .byte   #$B5
    .byte   #$9D
    .byte   #$00
    .byte   #$D2
    .byte   #$B9
    .byte   #$AF
    .byte   #$B5
    .byte   #$CC
    .byte   #$2B
    .byte   #$B6
    .byte   #$F0
    .byte   #$03
    .byte   #$9D
    .byte   #$01
    .byte   #$D2
    .byte   #$B9
    .byte   #$C7
    .byte   #$B5
    .byte   #$0D
    .byte   #$25
    .byte   #$B6
    .byte   #$8D
    .byte   #$25
    .byte   #$B6
    .byte   #$CA
    .byte   #$CA
    .byte   #$88
    .byte   #$10
    .byte   #$E1
    .byte   #$8D
    .byte   #$08
    .byte   #$D2
    .byte   #$60
    .byte   #$BD
    .byte   #$EB
    .byte   #$B5
    .byte   #$85
    .byte   #$1C
    .byte   #$BD
    .byte   #$EF
    .byte   #$B5
    .byte   #$85
    .byte   #$1D
    .byte   #$05
    .byte   #$1C
    .byte   #$D0
    .byte   #$04
    .byte   #$9D
    .byte   #$AF
    .byte   #$B5
    .byte   #$60
    .byte   #$BC
    .byte   #$BF
    .byte   #$B5
    .byte   #$C0
    .byte   #$20
    .byte   #$F0
    .byte   #$23
    .byte   #$B1
    .byte   #$1C
    .byte   #$38
    .byte   #$FD
    .byte   #$09
    .byte   #$B6
    .byte   #$2C
    .byte   #$B7
    .byte   #$B6
    .byte   #$F0
    .byte   #$02
    .byte   #$29
    .byte   #$F0
    .byte   #$9D
    .byte   #$AF
    .byte   #$B5
    .byte   #$C8
    .byte   #$B1
    .byte   #$1C
    .byte   #$8D
    .byte   #$27
    .byte   #$B6
    .byte   #$FE
    .byte   #$BF
    .byte   #$B5
    .byte   #$FE
    .byte   #$BF
    .byte   #$B5
    .byte   #$29
    .byte   #$07
    .byte   #$F0
    .byte   #$1A
    .byte   #$4C
    .byte   #$49
    .byte   #$B3
    .byte   #$BD
    .byte   #$DF
    .byte   #$B5
    .byte   #$F0
    .byte   #$12
    .byte   #$DE
    .byte   #$E7
    .byte   #$B5
    .byte   #$D0
    .byte   #$0D
    .byte   #$9D
    .byte   #$E7
    .byte   #$B5
    .byte   #$BD
    .byte   #$AF
    .byte   #$B5
    .byte   #$29
    .byte   #$0F
    .byte   #$F0
    .byte   #$03
    .byte   #$DE
    .byte   #$AF
    .byte   #$B5
    .byte   #$A0
    .byte   #$23
    .byte   #$B1
    .byte   #$1C
    .byte   #$9D
    .byte   #$C7
    .byte   #$B5
    .byte   #$BD
    .byte   #$CB
    .byte   #$B5
    .byte   #$18
    .byte   #$69
    .byte   #$25
    .byte   #$A8
    .byte   #$29
    .byte   #$03
    .byte   #$9D
    .byte   #$CB
    .byte   #$B5
    .byte   #$88
    .byte   #$B1
    .byte   #$1C
    .byte   #$7D
    .byte   #$C3
    .byte   #$B5
    .byte   #$9D
    .byte   #$B7
    .byte   #$B5
    .byte   #$20
    .byte   #$3F
    .byte   #$B3
    .byte   #$9D
    .byte   #$B3
    .byte   #$B5
    .byte   #$BD
    .byte   #$01
    .byte   #$B6
    .byte   #$F0
    .byte   #$04
    .byte   #$DE
    .byte   #$01
    .byte   #$B6
    .byte   #$60
    .byte   #$BC
    .byte   #$FD
    .byte   #$B5
    .byte   #$B9
    .byte   #$7B
    .byte   #$B5
    .byte   #$8D
    .byte   #$88
    .byte   #$B1
    .byte   #$B9
    .byte   #$7C
    .byte   #$B5
    .byte   #$8D
    .byte   #$89
    .byte   #$B1
    .byte   #$4C
    .byte   #$FF
    .byte   #$FF
    .byte   #$DE
    .byte   #$11
    .byte   #$B6
    .byte   #$30
    .byte   #$01
    .byte   #$60
    .byte   #$BC
    .byte   #$19
    .byte   #$B6
    .byte   #$B9
    .byte   #$FF
    .byte   #$FF
    .byte   #$85
    .byte   #$1E
    .byte   #$C8
    .byte   #$B9
    .byte   #$FF
    .byte   #$FF
    .byte   #$85
    .byte   #$1F
    .byte   #$05
    .byte   #$1E
    .byte   #$D0
    .byte   #$01
    .byte   #$60
    .byte   #$A9
    .byte   #$00
    .byte   #$9D
    .byte   #$09
    .byte   #$B6
    .byte   #$BD
    .byte   #$15
    .byte   #$B6
    .byte   #$9D
    .byte   #$11
    .byte   #$B6
    .byte   #$BC
    .byte   #$DB
    .byte   #$B5
    .byte   #$FE
    .byte   #$DB
    .byte   #$B5
    .byte   #$B1
    .byte   #$1E
    .byte   #$C9
    .byte   #$FE
    .byte   #$D0
    .byte   #$01
    .byte   #$60
    .byte   #$C9
    .byte   #$40
    .byte   #$B0
    .byte   #$4E
    .byte   #$EC
    .byte   #$2B
    .byte   #$B6
    .byte   #$D0
    .byte   #$27
    .byte   #$AC
    .byte   #$2D
    .byte   #$B6
    .byte   #$F0
    .byte   #$18
    .byte   #$38
    .byte   #$E9
    .byte   #$01
    .byte   #$29
    .byte   #$0F
    .byte   #$A8
    .byte   #$B1
    .byte   #$FB
    .byte   #$85
    .byte   #$FF
    .byte   #$98
    .byte   #$09
    .byte   #$10
    .byte   #$A8
    .byte   #$B1
    .byte   #$FB
    .byte   #$85
    .byte   #$FD
    .byte   #$A0
    .byte   #$01
    .byte   #$05
    .byte   #$FF
    .byte   #$D0
    .byte   #$02
    .byte   #$A0
    .byte   #$00
    .byte   #$8C
    .byte   #$2C
    .byte   #$B6
    .byte   #$A9
    .byte   #$00
    .byte   #$85
    .byte   #$FE
    .byte   #$60
    .byte   #$18
    .byte   #$7D
    .byte   #$0D
    .byte   #$B6
    .byte   #$9D
    .byte   #$C3
    .byte   #$B5
    .byte   #$9D
    .byte   #$B7
    .byte   #$B5
    .byte   #$20
    .byte   #$3F
    .byte   #$B3
    .byte   #$9D
    .byte   #$B3
    .byte   #$B5
    .byte   #$BD
    .byte   #$05
    .byte   #$B6
    .byte   #$9D
    .byte   #$01
    .byte   #$B6
    .byte   #$A9
    .byte   #$00
    .byte   #$9D
    .byte   #$BF
    .byte   #$B5
    .byte   #$9D
    .byte   #$CB
    .byte   #$B5
    .byte   #$9D
    .byte   #$D7
    .byte   #$B5
    .byte   #$60
    .byte   #$C9
    .byte   #$80
    .byte   #$90
    .byte   #$34
    .byte   #$C9
    .byte   #$C0
    .byte   #$90
    .byte   #$28
    .byte   #$48
    .byte   #$29
    .byte   #$0F
    .byte   #$A8
    .byte   #$68
    .byte   #$29
    .byte   #$30
    .byte   #$D0
    .byte   #$09
    .byte   #$98
    .byte   #$49
    .byte   #$0F
    .byte   #$9D
    .byte   #$09
    .byte   #$B6
    .byte   #$4C
    .byte   #$AE
    .byte   #$B1
    .byte   #$C9
    .byte   #$20
    .byte   #$F0
    .byte   #$09
    .byte   #$8C
    .byte   #$FC
    .byte   #$B5
    .byte   #$8C
    .byte   #$24
    .byte   #$B6
    .byte   #$4C
    .byte   #$AE
    .byte   #$B1
    .byte   #$AD
    .byte   #$FB
    .byte   #$B5
    .byte   #$8D
    .byte   #$29
    .byte   #$B6
    .byte   #$4C
    .byte   #$AE
    .byte   #$B1
    .byte   #$29
    .byte   #$3F
    .byte   #$9D
    .byte   #$15
    .byte   #$B6
    .byte   #$4C
    .byte   #$AB
    .byte   #$B1
    .byte   #$20
    .byte   #$4B
    .byte   #$B2
    .byte   #$4C
    .byte   #$AE
    .byte   #$B1
    .byte   #$29
    .byte   #$1F
    .byte   #$AC
    .byte   #$2D
    .byte   #$B6
    .byte   #$F0
    .byte   #$0D
    .byte   #$C9
    .byte   #$1F
    .byte   #$D0
    .byte   #$09
    .byte   #$8A
    .byte   #$0A
    .byte   #$8D
    .byte   #$2E
    .byte   #$B6
    .byte   #$8E
    .byte   #$2B
    .byte   #$B6
    .byte   #$60
    .byte   #$EC
    .byte   #$2B
    .byte   #$B6
    .byte   #$D0
    .byte   #$09
    .byte   #$A0
    .byte   #$FF
    .byte   #$8C
    .byte   #$2B
    .byte   #$B6
    .byte   #$C8
    .byte   #$8C
    .byte   #$2C
    .byte   #$B6
    .byte   #$0A
    .byte   #$A8
    .byte   #$B9
    .byte   #$FF
    .byte   #$FF
    .byte   #$9D
    .byte   #$EB
    .byte   #$B5
    .byte   #$85
    .byte   #$1C
    .byte   #$C8
    .byte   #$B9
    .byte   #$FF
    .byte   #$FF
    .byte   #$9D
    .byte   #$EF
    .byte   #$B5
    .byte   #$85
    .byte   #$1D
    .byte   #$A0
    .byte   #$20
    .byte   #$B1
    .byte   #$1C
    .byte   #$29
    .byte   #$0F
    .byte   #$9D
    .byte   #$CF
    .byte   #$B5
    .byte   #$B1
    .byte   #$1C
    .byte   #$29
    .byte   #$70
    .byte   #$4A
    .byte   #$4A
    .byte   #$4A
    .byte   #$9D
    .byte   #$FD
    .byte   #$B5
    .byte   #$C8
    .byte   #$B1
    .byte   #$1C
    .byte   #$0A
    .byte   #$0A
    .byte   #$48
    .byte   #$29
    .byte   #$3F
    .byte   #$9D
    .byte   #$05
    .byte   #$B6
    .byte   #$68
    .byte   #$29
    .byte   #$C0
    .byte   #$9D
    .byte   #$E3
    .byte   #$B5
    .byte   #$C8
    .byte   #$B1
    .byte   #$1C
    .byte   #$9D
    .byte   #$DF
    .byte   #$B5
    .byte   #$9D
    .byte   #$E7
    .byte   #$B5
    .byte   #$60
    .byte   #$AD
    .byte   #$28
    .byte   #$B6
    .byte   #$29
    .byte   #$07
    .byte   #$4A
    .byte   #$4A
    .byte   #$90
    .byte   #$10
    .byte   #$D0
    .byte   #$14
    .byte   #$BD
    .byte   #$CF
    .byte   #$B5
    .byte   #$18
    .byte   #$9D
    .byte   #$1D
    .byte   #$B6
    .byte   #$7D
    .byte   #$B3
    .byte   #$B5
    .byte   #$9D
    .byte   #$B3
    .byte   #$B5
    .byte   #$60
    .byte   #$A9
    .byte   #$00
    .byte   #$9D
    .byte   #$1D
    .byte   #$B6
    .byte   #$60
    .byte   #$38
    .byte   #$A9
    .byte   #$00
    .byte   #$FD
    .byte   #$CF
    .byte   #$B5
    .byte   #$4C
    .byte   #$BC
    .byte   #$B2
    .byte   #$BD
    .byte   #$D7
    .byte   #$B5
    .byte   #$20
    .byte   #$BC
    .byte   #$B2
    .byte   #$9D
    .byte   #$B3
    .byte   #$B5
    .byte   #$18
    .byte   #$BD
    .byte   #$D7
    .byte   #$B5
    .byte   #$7D
    .byte   #$CF
    .byte   #$B5
    .byte   #$9D
    .byte   #$D7
    .byte   #$B5
    .byte   #$60
    .byte   #$BD
    .byte   #$B7
    .byte   #$B5
    .byte   #$38
    .byte   #$FD
    .byte   #$D7
    .byte   #$B5
    .byte   #$9D
    .byte   #$B7
    .byte   #$B5
    .byte   #$20
    .byte   #$3F
    .byte   #$B3
    .byte   #$4C
    .byte   #$DC
    .byte   #$B2
    .byte   #$BD
    .byte   #$B3
    .byte   #$B5
    .byte   #$38
    .byte   #$FD
    .byte   #$D7
    .byte   #$B5
    .byte   #$4C
    .byte   #$DC
    .byte   #$B2
    .byte   #$BD
    .byte   #$B7
    .byte   #$B5
    .byte   #$18
    .byte   #$7D
    .byte   #$D7
    .byte   #$B5
    .byte   #$4C
    .byte   #$F1
    .byte   #$B2
    .byte   #$20
    .byte   #$1E
    .byte   #$B3
    .byte   #$4C
    .byte   #$BC
    .byte   #$B2
    .byte   #$20
    .byte   #$1E
    .byte   #$B3
    .byte   #$18
    .byte   #$7D
    .byte   #$B7
    .byte   #$B5
    .byte   #$4C
    .byte   #$7B
    .byte   #$B3
    .byte   #$A9
    .byte   #$FF
    .byte   #$BC
    .byte   #$CF
    .byte   #$B5
    .byte   #$30
    .byte   #$02
    .byte   #$A9
    .byte   #$01
    .byte   #$18
    .byte   #$7D
    .byte   #$D7
    .byte   #$B5
    .byte   #$9D
    .byte   #$D7
    .byte   #$B5
    .byte   #$DD
    .byte   #$CF
    .byte   #$B5
    .byte   #$D0
    .byte   #$08
    .byte   #$BD
    .byte   #$CF
    .byte   #$B5
    .byte   #$49
    .byte   #$FF
    .byte   #$9D
    .byte   #$CF
    .byte   #$B5
    .byte   #$BD
    .byte   #$D7
    .byte   #$B5
    .byte   #$60
    .byte   #$29
    .byte   #$3F
    .byte   #$1D
    .byte   #$E3
    .byte   #$B5
    .byte   #$A8
    .byte   #$B9
    .byte   #$FF
    .byte   #$FF
    .byte   #$60
    .byte   #$0A
    .byte   #$A8
    .byte   #$B9
    .byte   #$89
    .byte   #$B5
    .byte   #$8D
    .byte   #$66
    .byte   #$B3
    .byte   #$B9
    .byte   #$8A
    .byte   #$B5
    .byte   #$8D
    .byte   #$67
    .byte   #$B3
    .byte   #$AD
    .byte   #$27
    .byte   #$B6
    .byte   #$4A
    .byte   #$4A
    .byte   #$4A
    .byte   #$4A
    .byte   #$4A
    .byte   #$09
    .byte   #$28
    .byte   #$A8
    .byte   #$B1
    .byte   #$1C
    .byte   #$18
    .byte   #$20
    .byte   #$FF
    .byte   #$FF
    .byte   #$A9
    .byte   #$00
    .byte   #$9D
    .byte   #$C7
    .byte   #$B5
    .byte   #$9D
    .byte   #$1D
    .byte   #$B6
    .byte   #$60
    .byte   #$7D
    .byte   #$B3
    .byte   #$B5
    .byte   #$9D
    .byte   #$B3
    .byte   #$B5
    .byte   #$60
    .byte   #$7D
    .byte   #$C3
    .byte   #$B5
    .byte   #$20
    .byte   #$3F
    .byte   #$B3
    .byte   #$9D
    .byte   #$B3
    .byte   #$B5
    .byte   #$60
    .byte   #$9D
    .byte   #$B3
    .byte   #$B5
    .byte   #$BD
    .byte   #$AB
    .byte   #$B5
    .byte   #$8D
    .byte   #$25
    .byte   #$B6
    .byte   #$60
    .byte   #$9D
    .byte   #$B3
    .byte   #$B5
    .byte   #$A9
    .byte   #$80
    .byte   #$8D
    .byte   #$25
    .byte   #$B6
    .byte   #$60
    .byte   #$9D
    .byte   #$B3
    .byte   #$B5
    .byte   #$A9
    .byte   #$01
    .byte   #$8D
    .byte   #$25
    .byte   #$B6
    .byte   #$60
    .byte   #$2D
    .byte   #$0A
    .byte   #$D2
    .byte   #$9D
    .byte   #$B3
    .byte   #$B5
    .byte   #$60
    .byte   #$60
    .byte   #$8E
    .byte   #$2F
    .byte   #$B6
    .byte   #$8C
    .byte   #$30
    .byte   #$B6
    .byte   #$8D
    .byte   #$31
    .byte   #$B6
    .byte   #$29
    .byte   #$07
    .byte   #$0A
    .byte   #$A8
    .byte   #$B9
    .byte   #$99
    .byte   #$B5
    .byte   #$8D
    .byte   #$C0
    .byte   #$B3
    .byte   #$B9
    .byte   #$9A
    .byte   #$B5
    .byte   #$8D
    .byte   #$C1
    .byte   #$B3
    .byte   #$4C
    .byte   #$FF
    .byte   #$FF
    .byte   #$A2
    .byte   #$70
    .byte   #$A9
    .byte   #$00
    .byte   #$9D
    .byte   #$BE
    .byte   #$B5
    .byte   #$CA
    .byte   #$D0
    .byte   #$FA
    .byte   #$18
    .byte   #$AD
    .byte   #$30
    .byte   #$B6
    .byte   #$8D
    .byte   #$21
    .byte   #$B6
    .byte   #$8D
    .byte   #$70
    .byte   #$B2
    .byte   #$8D
    .byte   #$79
    .byte   #$B2
    .byte   #$69
    .byte   #$40
    .byte   #$8D
    .byte   #$94
    .byte   #$B1
    .byte   #$8D
    .byte   #$9A
    .byte   #$B1
    .byte   #$AD
    .byte   #$2F
    .byte   #$B6
    .byte   #$8D
    .byte   #$22
    .byte   #$B6
    .byte   #$8D
    .byte   #$71
    .byte   #$B2
    .byte   #$8D
    .byte   #$7A
    .byte   #$B2
    .byte   #$69
    .byte   #$00
    .byte   #$8D
    .byte   #$95
    .byte   #$B1
    .byte   #$8D
    .byte   #$9B
    .byte   #$B1
    .byte   #$AD
    .byte   #$30
    .byte   #$B6
    .byte   #$69
    .byte   #$C0
    .byte   #$8D
    .byte   #$46
    .byte   #$B3
    .byte   #$85
    .byte   #$1C
    .byte   #$AD
    .byte   #$2F
    .byte   #$B6
    .byte   #$69
    .byte   #$00
    .byte   #$8D
    .byte   #$47
    .byte   #$B3
    .byte   #$85
    .byte   #$1D
    .byte   #$E6
    .byte   #$1D
    .byte   #$A0
    .byte   #$09
    .byte   #$B1
    .byte   #$1C
    .byte   #$99
    .byte   #$F3
    .byte   #$B5
    .byte   #$88
    .byte   #$10
    .byte   #$F8
    .byte   #$CE
    .byte   #$FC
    .byte   #$B5
    .byte   #$4C
    .byte   #$49
    .byte   #$B5
    .byte   #$20
    .byte   #$49
    .byte   #$B5
    .byte   #$AD
    .byte   #$2F
    .byte   #$B6
    .byte   #$0A
    .byte   #$8D
    .byte   #$23
    .byte   #$B6
    .byte   #$A2
    .byte   #$03
    .byte   #$A9
    .byte   #$03
    .byte   #$4E
    .byte   #$30
    .byte   #$B6
    .byte   #$90
    .byte   #$02
    .byte   #$A9
    .byte   #$00
    .byte   #$9D
    .byte   #$BB
    .byte   #$B5
    .byte   #$CA
    .byte   #$10
    .byte   #$F1
    .byte   #$AE
    .byte   #$FB
    .byte   #$B5
    .byte   #$E8
    .byte   #$8E
    .byte   #$29
    .byte   #$B6
    .byte   #$A9
    .byte   #$01
    .byte   #$8D
    .byte   #$24
    .byte   #$B6
    .byte   #$A2
    .byte   #$03
    .byte   #$AD
    .byte   #$A9
    .byte   #$B5
    .byte   #$9D
    .byte   #$EB
    .byte   #$B5
    .byte   #$AD
    .byte   #$AA
    .byte   #$B5
    .byte   #$9D
    .byte   #$EF
    .byte   #$B5
    .byte   #$CA
    .byte   #$10
    .byte   #$F1
    .byte   #$60
    .byte   #$AD
    .byte   #$2F
    .byte   #$B6
    .byte   #$0A
    .byte   #$2A
    .byte   #$2A
    .byte   #$29
    .byte   #$03
    .byte   #$AA
    .byte   #$60
    .byte   #$20
    .byte   #$54
    .byte   #$B4
    .byte   #$A9
    .byte   #$00
    .byte   #$9D
    .byte   #$11
    .byte   #$B6
    .byte   #$9D
    .byte   #$DB
    .byte   #$B5
    .byte   #$9D
    .byte   #$AF
    .byte   #$B5
    .byte   #$8D
    .byte   #$29
    .byte   #$B6
    .byte   #$AD
    .byte   #$2F
    .byte   #$B6
    .byte   #$0A
    .byte   #$29
    .byte   #$7E
    .byte   #$9D
    .byte   #$19
    .byte   #$B6
    .byte   #$A9
    .byte   #$20
    .byte   #$9D
    .byte   #$BF
    .byte   #$B5
    .byte   #$AD
    .byte   #$30
    .byte   #$B6
    .byte   #$9D
    .byte   #$0D
    .byte   #$B6
    .byte   #$A9
    .byte   #$02
    .byte   #$9D
    .byte   #$BB
    .byte   #$B5
    .byte   #$60
    .byte   #$20
    .byte   #$54
    .byte   #$B4
    .byte   #$AD
    .byte   #$30
    .byte   #$B6
    .byte   #$20
    .byte   #$CC
    .byte   #$B1
    .byte   #$20
    .byte   #$56
    .byte   #$B2
    .byte   #$AD
    .byte   #$2F
    .byte   #$B6
    .byte   #$A0
    .byte   #$D5
    .byte   #$4A
    .byte   #$B0
    .byte   #$02
    .byte   #$A0
    .byte   #$D4
    .byte   #$98
    .byte   #$8D
    .byte   #$CA
    .byte   #$B4
    .byte   #$8D
    .byte   #$D7
    .byte   #$B4
    .byte   #$A9
    .byte   #$01
    .byte   #$8D
    .byte   #$2D
    .byte   #$B6
    .byte   #$8D
    .byte   #$2C
    .byte   #$B6
    .byte   #$AD
    .byte   #$2C
    .byte   #$B6
    .byte   #$D0
    .byte   #$01
    .byte   #$60
    .byte   #$C9
    .byte   #$01
    .byte   #$D0
    .byte   #$05
    .byte   #$A0
    .byte   #$00
    .byte   #$EE
    .byte   #$2C
    .byte   #$B6
    .byte   #$B1
    .byte   #$FE
    .byte   #$AE
    .byte   #$2E
    .byte   #$B6
    .byte   #$4A
    .byte   #$4A
    .byte   #$4A
    .byte   #$4A
    .byte   #$09
    .byte   #$10
    .byte   #$8D
    .byte   #$0A
    .byte   #$D4
    .byte   #$8D
    .byte   #$0A
    .byte   #$D4
    .byte   #$9D
    .byte   #$01
    .byte   #$D2
    .byte   #$B1
    .byte   #$FE
    .byte   #$09
    .byte   #$10
    .byte   #$8D
    .byte   #$0A
    .byte   #$D4
    .byte   #$8D
    .byte   #$0A
    .byte   #$D4
    .byte   #$9D
    .byte   #$01
    .byte   #$D2
    .byte   #$C8
    .byte   #$D0
    .byte   #$CD
    .byte   #$E6
    .byte   #$FF
    .byte   #$A5
    .byte   #$FF
    .byte   #$C5
    .byte   #$FD
    .byte   #$D0
    .byte   #$C5
    .byte   #$8C
    .byte   #$2C
    .byte   #$B6
    .byte   #$60
    .byte   #$A9
    .byte   #$00
    .byte   #$8D
    .byte   #$2C
    .byte   #$B6
    .byte   #$AD
    .byte   #$2F
    .byte   #$B6
    .byte   #$4A
    .byte   #$A0
    .byte   #$D5
    .byte   #$B0
    .byte   #$02
    .byte   #$A0
    .byte   #$D4
    .byte   #$98
    .byte   #$8D
    .byte   #$CA
    .byte   #$B4
    .byte   #$8D
    .byte   #$D7
    .byte   #$B4
    .byte   #$A9
    .byte   #$01
    .byte   #$8D
    .byte   #$2D
    .byte   #$B6
    .byte   #$20
    .byte   #$AE
    .byte   #$B4
    .byte   #$AD
    .byte   #$2D
    .byte   #$B6
    .byte   #$D0
    .byte   #$F8
    .byte   #$60
    .byte   #$20
    .byte   #$54
    .byte   #$B4
    .byte   #$AD
    .byte   #$2F
    .byte   #$B6
    .byte   #$20
    .byte   #$4B
    .byte   #$B2
    .byte   #$AD
    .byte   #$30
    .byte   #$B6
    .byte   #$29
    .byte   #$3F
    .byte   #$18
    .byte   #$69
    .byte   #$01
    .byte   #$20
    .byte   #$EB
    .byte   #$B1
    .byte   #$9D
    .byte   #$09
    .byte   #$B6
    .byte   #$A9
    .byte   #$01
    .byte   #$9D
    .byte   #$BB
    .byte   #$B5
    .byte   #$60
    .byte   #$AD
    .byte   #$30
    .byte   #$B6
    .byte   #$85
    .byte   #$FB
    .byte   #$AD
    .byte   #$2F
    .byte   #$B6
    .byte   #$85
    .byte   #$FC
    .byte   #$A9
    .byte   #$01
    .byte   #$8D
    .byte   #$2D
    .byte   #$B6
    .byte   #$60
    .byte   #$AD
    .byte   #$21
    .byte   #$B6
    .byte   #$85
    .byte   #$1C
    .byte   #$AD
    .byte   #$22
    .byte   #$B6
    .byte   #$85
    .byte   #$1D
    .byte   #$60
    .byte   #$A2
    .byte   #$07
    .byte   #$A9
    .byte   #$00
    .byte   #$9D
    .byte   #$AF
    .byte   #$B5
    .byte   #$9D
    .byte   #$00
    .byte   #$D2
    .byte   #$8D
    .byte   #$25
    .byte   #$B6
    .byte   #$E0
    .byte   #$04
    .byte   #$B0
    .byte   #$0E
    .byte   #$9D
    .byte   #$BB
    .byte   #$B5
    .byte   #$9D
    .byte   #$C7
    .byte   #$B5
    .byte   #$9D
    .byte   #$B7
    .byte   #$B5
    .byte   #$A9
    .byte   #$20
    .byte   #$9D
    .byte   #$BF
    .byte   #$B5
    .byte   #$CA
    .byte   #$10
    .byte   #$E0
    .byte   #$A9
    .byte   #$03
    .byte   #$8D
    .byte   #$0F
    .byte   #$D2
    .byte   #$A2
    .byte   #$FF
    .byte   #$8E
    .byte   #$2B
    .byte   #$B6
    .byte   #$E8
    .byte   #$8E
    .byte   #$2D
    .byte   #$B6
    .byte   #$60
    .byte   #$00
    .byte   #$AE
    .byte   #$B2
    .byte   #$CD
    .byte   #$B2
    .byte   #$D6
    .byte   #$B2
    .byte   #$EA
    .byte   #$B2
    .byte   #$FA
    .byte   #$B2
    .byte   #$04
    .byte   #$B3
    .byte   #$0E
    .byte   #$B3
    .byte   #$14
    .byte   #$B3
    .byte   #$74
    .byte   #$B3
    .byte   #$71
    .byte   #$B3
    .byte   #$78
    .byte   #$B3
    .byte   #$82
    .byte   #$B3
    .byte   #$8C
    .byte   #$B3
    .byte   #$95
    .byte   #$B3
    .byte   #$9E
    .byte   #$B3
    .byte   #$C2
    .byte   #$B3
    .byte   #$11
    .byte   #$B5
    .byte   #$49
    .byte   #$B5
    .byte   #$5E
    .byte   #$B4
    .byte   #$1B
    .byte   #$B4
    .byte   #$2E
    .byte   #$B5
    .byte   #$ED
    .byte   #$B4
    .byte   #$89
    .byte   #$B4
    .byte   #$07
    .byte   #$B6
    .byte   #$40
    .byte   #$00
    .byte   #$20
    .byte   #$00
    .byte   #$00
    .byte   #$00
    .byte   #$00
    .byte   #$00
    .byte   #$00
    .byte   #$00
    .byte   #$00
    .byte   #$00
    .byte   #$00
    .byte   #$00
    .byte   #$00
    .byte   #$00
    .byte   #$00
    .byte   #$00
    .byte   #$00
    .byte   #$00
    .byte   #$00
    .byte   #$00
    .byte   #$00
    .byte   #$00
    .byte   #$00
    .byte   #$00
    .byte   #$00
    .byte   #$00
    .byte   #$00
    .byte   #$00
    .byte   #$00
    .byte   #$00
    .byte   #$00
    .byte   #$00
    .byte   #$00
    .byte   #$00
    .byte   #$00
    .byte   #$00
    .byte   #$00
    .byte   #$00
    .byte   #$00
    .byte   #$00
    .byte   #$00
    .byte   #$00
    .byte   #$00
    .byte   #$00
    .byte   #$00
    .byte   #$00
    .byte   #$00
    .byte   #$00
    .byte   #$00
    .byte   #$00
    .byte   #$00
    .byte   #$00
    .byte   #$00
    .byte   #$00
    .byte   #$00
    .byte   #$00
    .byte   #$00
    .byte   #$00
    .byte   #$00
    .byte   #$00
    .byte   #$00
    .byte   #$00
    .byte   #$00
    .byte   #$00
    .byte   #$00
    .byte   #$00
    .byte   #$00
    .byte   #$00
    .byte   #$00
    .byte   #$00
    .byte   #$00
    .byte   #$00
    .byte   #$00
    .byte   #$00
    .byte   #$00
    .byte   #$00
    .byte   #$00
    .byte   #$00
    .byte   #$00
    .byte   #$00
    .byte   #$00
    .byte   #$00
    .byte   #$00
    .byte   #$00
    .byte   #$00
    .byte   #$00
    .byte   #$00
    .byte   #$00
    .byte   #$00
    .byte   #$00
    .byte   #$00
    .byte   #$00
    .byte   #$00
    .byte   #$00
    .byte   #$00
    .byte   #$00
    .byte   #$00
    .byte   #$00
    .byte   #$00
    .byte   #$00
    .byte   #$00
    .byte   #$00
    .byte   #$00
    .byte   #$00
    .byte   #$00
    .byte   #$00
    .byte   #$00
    .byte   #$00
    .byte   #$00
    .byte   #$00
    .byte   #$00
    .byte   #$00
    .byte   #$00
    .byte   #$00
    .byte   #$00
    .byte   #$00
    .byte   #$00
    .byte   #$00
    .byte   #$00
    .byte   #$00
    .byte   #$00
    .byte   #$00
    .byte   #$00
    .byte   #$00
    .byte   #$00
    .byte   #$00
    .byte   #$00
    .byte   #$00
    .byte   #$00
    .byte   #$00
    .byte   #$00
    .byte   #$00
    .byte   #$00
    .byte   #$04
    .byte   #$02
    .byte   #$00
    .byte   #$00
    .byte   #$00
    .byte   #$F2
    .byte   #$33
    .byte   #$96
    .byte   #$E2
    .byte   #$38
    .byte   #$8C
    .byte   #$00
    .byte   #$6A
    .byte   #$E8
    .byte   #$6A
    .byte   #$EF
    .byte   #$80
    .byte   #$08
    .byte   #$AE
    .byte   #$46
    .byte   #$E6
    .byte   #$95
    .byte   #$41
    .byte   #$F6
    .byte   #$B0
    .byte   #$6E
    .byte   #$30
    .byte   #$F6
    .byte   #$BB
    .byte   #$84
    .byte   #$52
    .byte   #$22
    .byte   #$F4
    .byte   #$C8
    .byte   #$A0
    .byte   #$7A
    .byte   #$55
    .byte   #$34
    .byte   #$14
    .byte   #$F5
    .byte   #$D8
    .byte   #$BD
    .byte   #$A4
    .byte   #$8D
    .byte   #$77
    .byte   #$60
    .byte   #$4E
    .byte   #$38
    .byte   #$27
    .byte   #$15
    .byte   #$06
    .byte   #$F7
    .byte   #$E8
    .byte   #$DB
    .byte   #$CF
    .byte   #$C3
    .byte   #$B8
    .byte   #$AC
    .byte   #$A2
    .byte   #$9A
    .byte   #$90
    .byte   #$88
    .byte   #$7F
    .byte   #$78
    .byte   #$70
    .byte   #$6A
    .byte   #$64
    .byte   #$5E
    .byte   #$00
    .byte   #$0D
    .byte   #$0D
    .byte   #$0C
    .byte   #$0B
    .byte   #$0B
    .byte   #$0A
    .byte   #$0A
    .byte   #$09
    .byte   #$08
    .byte   #$08
    .byte   #$07
    .byte   #$07
    .byte   #$07
    .byte   #$06
    .byte   #$06
    .byte   #$05
    .byte   #$05
    .byte   #$05
    .byte   #$04
    .byte   #$04
    .byte   #$04
    .byte   #$04
    .byte   #$03
    .byte   #$03
    .byte   #$03
    .byte   #$03
    .byte   #$03
    .byte   #$02
    .byte   #$02
    .byte   #$02
    .byte   #$02
    .byte   #$02
    .byte   #$02
    .byte   #$02
    .byte   #$01
    .byte   #$01
    .byte   #$01
    .byte   #$01
    .byte   #$01
    .byte   #$01
    .byte   #$01
    .byte   #$01
    .byte   #$01
    .byte   #$01
    .byte   #$01
    .byte   #$01
    .byte   #$00
    .byte   #$00
    .byte   #$00
    .byte   #$00
    .byte   #$00
    .byte   #$00
    .byte   #$00
    .byte   #$00
    .byte   #$00
    .byte   #$00
    .byte   #$00
    .byte   #$00
    .byte   #$00
    .byte   #$00
    .byte   #$00
    .byte   #$00
    .byte   #$00
    .byte   #$00
    .byte   #$10
;  }
